C51 COMPILER V9.54   CONTROLLER                                                            05/26/2017 20:48:15 PAGE 1   


C51 COMPILER V9.54, COMPILATION OF MODULE CONTROLLER
OBJECT MODULE PLACED IN controller.obj
COMPILER INVOKED BY: J:\program\keil\C51\BIN\C51.EXE class\controller.c LARGE OPTIMIZE(8,SPEED) BROWSE DEBUG OBJECTEXTEN
                    -D PRINT(.\controller.lst) TABS(2) OBJECT(controller.obj)

line level    source

   1          #include"controller.h"
   2          unsigned char paralist[4];
   3          unsigned char number = 0;
   4          DATE currenttime;
   5          DATE closetime;//关灯时间
   6          DATE opentime;//开灯时间
   7          
   8          void controllerinit()
   9          {  
  10   1        _BEEBEE = 0;
  11   1        Initial_DS1302();
  12   1        dbinit();
  13   1        LCD_init();  //初始化LCD模块 
  14   1        LCDcls(); //清屏幕  
  15   1        closetime.hour = 0;
  16   1        closetime.min = 0;
  17   1        closetime.sec = 0;  
  18   1      
  19   1        opentime.hour = 0;
  20   1        opentime.min = 0;
  21   1        opentime.sec = 0; 
  22   1        beebee(3);
  23   1      }
  24          
  25          void parafilter(unsigned char* list,char size)
  26          {
  27   1        char i=0;
  28   1        unsigned char val = 0;
  29   1        char id =  list[0]-'0';
  30   1        if (RevTempDate0[0]==0)
  31   1        {
  32   2          return;
  33   2        }
  34   1        for(i=1;i<size;i++)
  35   1        {
  36   2          val = (val*10)+(list[i]-'0');   
  37   2        }
  38   1        if(id==1)
  39   1        {
  40   2          paralist[0] = val;  
  41   2        }
  42   1        else if(id==2)
  43   1        {
  44   2          paralist[1] = val;  
  45   2        } 
  46   1        else if(id==3)
  47   1        {
  48   2          paralist[2] = val;  
  49   2        }
  50   1        else if(id==4)
  51   1        {
  52   2          paralist[3] = val;
  53   2        }
  54   1        else
C51 COMPILER V9.54   CONTROLLER                                                            05/26/2017 20:48:15 PAGE 2   

  55   1        {
  56   2          for(i=0;i<5;++i)
  57   2          {
  58   3            RevTempDate0[i] = 0;  
  59   3          }
  60   2          return;
  61   2        } 
  62   1        //置空接收区
  63   1        for(i=0;i<5;++i)
  64   1        {
  65   2          RevTempDate0[i] = 0;  
  66   2        }
  67   1      }
  68          void getcutrrenttime()
  69          {  
  70   1        SYSTEMTIME CurrentTime;
  71   1        DS1302_GetTime(&CurrentTime);
  72   1        TimeToStr(&CurrentTime);
  73   1        currenttime.hour=CurrentTime.Hour;
  74   1        currenttime.min=CurrentTime.Minute;
  75   1        currenttime.sec=CurrentTime.Second;
  76   1      }
  77          
  78          void cashcard(unsigned char *resdata)
  79          {
  80   1        unsigned char index = 0; 
  81   1        unsigned char len = getuartbuflen();
  82   1        unsigned char idsta[10]; 
  83   1        unsigned char insertindex = 0;
  84   1        unsigned char selectindex = 0;
  85   1        char str[30] = "cashcard"; 
  86   1        if(getreaded()== 1 ) return;//没有数据更新
  87   1        LCDcls();
  88   1        if(getreaded() == -1)
  89   1        {
  90   2          beebee(5);
  91   2          showmsg("SUPPORT-ID-CARD-ONLY!",3);
  92   2          setread(1);
  93   2          return;
  94   2        }
  95   1        beebee(2);
  96   1        for(index=0;index< len;index++)
  97   1        { 
  98   2          if(index<len)//index>4&&
  99   2          { 
 100   3            idsta[index] = *(resdata+index);//-5  
 101   3          }
 102   2          *(resdata+index) = 0;//清空数据
 103   2        }
 104   1        selectindex =  selectid(idsta);
 105   1        if(selectindex != UNKNOWERROR)
 106   1        {
 107   2          //查找到了
 108   2          number--;
 109   2          delectidbyindex(selectindex);
 110   2          sprintf(str,"NO.%d-OUT-;number-is:%d.",(int)selectindex,(int)number);
 111   2        }
 112   1        else
 113   1        {
 114   2          //没有找到
 115   2          insertindex = insertid(idsta);
 116   2          if(insertindex == UNKNOWERROR) 
C51 COMPILER V9.54   CONTROLLER                                                            05/26/2017 20:48:15 PAGE 3   

 117   2          {
 118   3            LCDprintf("--FULL--",0);
 119   3            LCDprintf("--callme--13077661594",-1);
 120   3            return;
 121   3          } 
 122   2          number++;
 123   2          sprintf(str,"NO.%d-IN-;number-is:%d.",(int)insertindex,(int)number);
 124   2        }
 125   1        showmsg(str,3);
 126   1        setread(1);
 127   1      }


MODULE INFORMATION:   STATIC OVERLAYABLE
   CODE SIZE        =    568    ----
   CONSTANT SIZE    =    132    ----
   XDATA SIZE       =     20      77
   PDATA SIZE       =   ----    ----
   DATA SIZE        =   ----    ----
   IDATA SIZE       =   ----    ----
   BIT SIZE         =   ----    ----
END OF MODULE INFORMATION.


C51 COMPILATION COMPLETE.  0 WARNING(S),  0 ERROR(S)
