C51 COMPILER V9.54   IDDATABASE                                                            04/25/2017 20:43:54 PAGE 1   


C51 COMPILER V9.54, COMPILATION OF MODULE IDDATABASE
OBJECT MODULE PLACED IN iddatabase.obj
COMPILER INVOKED BY: J:\program\keil\C51\BIN\C51.EXE class\iddatabase.c LARGE OPTIMIZE(8,SPEED) BROWSE DEBUG OBJECTEXTEN
                    -D PRINT(.\iddatabase.lst) TABS(2) OBJECT(iddatabase.obj)

line level    source

   1          #include"iddatabase.h"
   2          
   3          unsigned char iddb[MAXIDSESION][MAXATTRIBUTE];
   4          //记录是否有效，0 无效，1 有效 
   5          //最大254条记录，255为查找失败标志 
   6          char  dbindex[MAXIDSESION];
   7          void dbinit()
   8          {
   9   1        unsigned char i;
  10   1        for(i=0;i<MAXIDSESION;i++)
  11   1        {
  12   2          dbindex[i] = 0;//初始化为无效 
  13   2        }
  14   1      }
  15          unsigned char getfreeindex()
  16          {
  17   1        unsigned char i;
  18   1        for(i=0;i<MAXIDSESION;i++)
  19   1        {
  20   2          if(dbindex[i] == 0) return i;
  21   2        }
  22   1        return UNKNOWERROR;
  23   1      } 
  24          void setfreeindex(unsigned char index)
  25          {
  26   1        dbindex[index] = 0; 
  27   1      } 
  28          void setbusyindex(unsigned char index)
  29          {
  30   1        dbindex[index] = 1; 
  31   1      } 
  32          unsigned char insertid(unsigned char* id)
  33          {
  34   1        unsigned char index=0;
  35   1        unsigned char freedindex = getfreeindex();
  36   1        
  37   1        if(freedindex == UNKNOWERROR) return UNKNOWERROR;
  38   1         for(index=0;index<MAXATTRIBUTE;index++)
  39   1         {
  40   2           iddb[freedindex][index] = id[index];
  41   2         }
  42   1         setbusyindex(freedindex);
  43   1         return freedindex;
  44   1      }
  45          
  46          unsigned char selectid(unsigned char* id)
  47          {
  48   1        char su = 0;
  49   1        unsigned char idindex=0;
  50   1        unsigned char valindex=0;
  51   1        for(idindex=0;idindex<MAXIDSESION;idindex++)
  52   1        { 
  53   2          if(dbindex[idindex]==0) continue;
  54   2          su = 0;
C51 COMPILER V9.54   IDDATABASE                                                            04/25/2017 20:43:54 PAGE 2   

  55   2          for(valindex=0;valindex<MAXATTRIBUTE;valindex++)
  56   2          {
  57   3            if (id[valindex] != iddb[idindex][valindex])
  58   3            {
  59   4              su = UNKNOWERROR;
  60   4              break;
  61   4            }
  62   3          }  
  63   2          //查找成功
  64   2          if(su == 0) return idindex; 
  65   2        }
  66   1        //查找失败  
  67   1        return UNKNOWERROR;
  68   1      }
  69          unsigned char delectid(unsigned char* id)
  70          {
  71   1         unsigned char index = selectid(id);
  72   1         if(index == UNKNOWERROR) return UNKNOWERROR;
  73   1         setfreeindex(index);
  74   1         return 0;
  75   1      }
  76          unsigned char delectidbyindex(unsigned char index)
  77          {
  78   1        setfreeindex(index);
  79   1        return 0; 
  80   1      }


MODULE INFORMATION:   STATIC OVERLAYABLE
   CODE SIZE        =    281    ----
   CONSTANT SIZE    =   ----    ----
   XDATA SIZE       =   1100       7
   PDATA SIZE       =   ----    ----
   DATA SIZE        =   ----    ----
   IDATA SIZE       =   ----    ----
   BIT SIZE         =   ----    ----
END OF MODULE INFORMATION.


C51 COMPILATION COMPLETE.  0 WARNING(S),  0 ERROR(S)
