C51 COMPILER V9.54   KEYHANDLER                                                            06/01/2017 14:26:32 PAGE 1   


C51 COMPILER V9.54, COMPILATION OF MODULE KEYHANDLER
OBJECT MODULE PLACED IN keyhandler.obj
COMPILER INVOKED BY: J:\program\keil\C51\BIN\C51.EXE class\keyhandler.c LARGE OPTIMIZE(8,SPEED) BROWSE DEBUG OBJECTEXTEN
                    -D PRINT(.\keyhandler.lst) TABS(2) OBJECT(keyhandler.obj)

line level    source

   1          #include"keyhandler.h"
   2           char _keyval = -1;
   3           char _keyvalbuf = -1;
   4          void keyhandler()
   5          {
   6   1        char keyval = 0 ;
   7   1        keyval = getkeypree();
   8   1        if((keyval !=-1) &&(keyval != _keyval))
   9   1        {
  10   2          beebee(2);
  11   2        }
  12   1        if(keyval != -1) 
  13   1        {
  14   2          _keyval = keyval;
  15   2          return;
  16   2        } 
  17   1        if(_keyval!=-1) 
  18   1        {
  19   2          //按键弹起
  20   2          _keyvalbuf = _keyval;
  21   2        }
  22   1        _keyval=-1;
  23   1      }
  24          char getkey(bit _swallow)
  25          {
  26   1        char keyval = _keyvalbuf;
  27   1        //吞噬按键值，后续的将获取不到按键值
  28   1        if(_swallow) _keyvalbuf = -1;
  29   1        return keyval;
  30   1      }
  31          char getnumber(char _code)
  32          {
  33   1        char code keycode[] = {0,1,2,-1,3,4,5,-1,6,7,8,-1,9,-1,-1,-1,-1};
  34   1        return keycode[_code];
  35   1      }
  36          void keynumberhandler()
  37          {
  38   1        
  39   1      }


MODULE INFORMATION:   STATIC OVERLAYABLE
   CODE SIZE        =     99    ----
   CONSTANT SIZE    =     17    ----
   XDATA SIZE       =      2       1
   PDATA SIZE       =   ----    ----
   DATA SIZE        =   ----    ----
   IDATA SIZE       =   ----    ----
   BIT SIZE         =   ----       1
END OF MODULE INFORMATION.


C51 COMPILATION COMPLETE.  0 WARNING(S),  0 ERROR(S)
