C51 COMPILER V9.54   LIGTHCONTROLLER                                                       04/26/2017 14:51:08 PAGE 1   


C51 COMPILER V9.54, COMPILATION OF MODULE LIGTHCONTROLLER
OBJECT MODULE PLACED IN ligthcontroller.obj
COMPILER INVOKED BY: J:\program\keil\C51\BIN\C51.EXE class\ligthcontroller.c LARGE OPTIMIZE(8,SPEED) BROWSE DEBUG OBJECT
                    -EXTEND PRINT(.\ligthcontroller.lst) TABS(2) OBJECT(ligthcontroller.obj)

line level    source

   1          #include"ligthcontroller.h"
   2          
   3          char lightvalue = 0;
   4          bit timeout = 1;
   5          char lightopen[4];
   6          char lightstate[4];//当前灯的状态
   7          char lvtono = 5;//在当前亮度可以开灯
   8          char lvtooff = 4;//在当前亮度可关灯
   9          
  10          void setlight(char para)
  11          {   
  12   1         _LIGHT_1 = 1;
  13   1         _LIGHT_2 = 1;
  14   1         _LIGHT_3 = 1;
  15   1          lightstate[0]=0;
  16   1          lightstate[1]=0;
  17   1          lightstate[2]=0;
  18   1          lightstate[3]=0;
  19   1        if(para > 0 && lightopen[0])
  20   1          {
  21   2            _LIGHT_1 = 0;
  22   2            lightstate[0]=1;
  23   2            para--;
  24   2          }
  25   1        if(para > 0 && lightopen[1])
  26   1          {
  27   2            _LIGHT_2 = 0;
  28   2            lightstate[1]=1;
  29   2            para--;
  30   2          }
  31   1        if(para > 0 && lightopen[2])
  32   1          {
  33   2            _LIGHT_3 = 0;
  34   2            lightstate[2]=1;
  35   2            para--;
  36   2          }
  37   1      }
  38          void timectrl()
  39          { 
  40   1        timetoclose(&currenttime,&closetime,&opentime);
  41   1        numberctrl(number);
  42   1        setlight(lightvalue);   
  43   1      }
  44          void lightctrl(char*para,unsigned char size)
  45          {
  46   1        unsigned char index=0;
  47   1        lightvalue = 0;
  48   1        for(index=0;index<size;index++)
  49   1        {
  50   2          if(para[index] > lvtono)
  51   2          {
  52   3            lightopen[index]=1;
  53   3            lightvalue++;
  54   3          }
C51 COMPILER V9.54   LIGTHCONTROLLER                                                       04/26/2017 14:51:08 PAGE 2   

  55   2          if(para[index] <= lvtooff)
  56   2          {
  57   3            lightopen[index] = 0;
  58   3          }
  59   2        }
  60   1      }
  61          char timecmp(DATE* time1,DATE* time2)
  62          {
*** WARNING C235 IN LINE 62 OF class\ligthcontroller.c: parameter 1: different types
*** WARNING C235 IN LINE 62 OF class\ligthcontroller.c: parameter 2: different types
  63   1        if(time1->hour > time2->hour) 
  64   1        {
  65   2          return 1;
  66   2        }
  67   1      
  68   1        if(time1->hour == time2->hour&&
  69   1           time1->min > time2->min )
  70   1        {
  71   2          return 1;
  72   2        }
  73   1        if(time1->hour == time2->hour&&
  74   1           time1->min == time2->min&&
  75   1           time1->sec > time2->sec) 
  76   1        {
  77   2          return 1;
  78   2        }
  79   1        return -1;
  80   1      }
  81          void timetoclose(DATE* curr,DATE* closetime,DATE* opentime)
  82          {
*** WARNING C235 IN LINE 82 OF class\ligthcontroller.c: parameter 1: different types
*** WARNING C235 IN LINE 82 OF class\ligthcontroller.c: parameter 2: different types
*** WARNING C235 IN LINE 82 OF class\ligthcontroller.c: parameter 3: different types
  83   1        if(timecmp(closetime,opentime) > 0)
  84   1        {
  85   2          if(timecmp(curr,opentime) >0&&
  86   2          timecmp(curr,closetime) <0 )
  87   2          {
  88   3            timeout = 0;
  89   3            return;   
  90   3          }
  91   2          timeout=1;
  92   2          lightvalue=0;   
  93   2        }
  94   1        else
  95   1        {
  96   2          if(timecmp(curr,opentime) < 0 && 
  97   2            timecmp(curr,closetime) > 0)
  98   2          {
  99   3            //未到开灯时间
 100   3            timeout=1;
 101   3            lightvalue=0;
 102   3            return;
 103   3          }
 104   2          timeout = 0;  
 105   2        }   
 106   1      }
 107          
 108          void numberctrl(unsigned char num)
 109          {
 110   1         if(timeout)return;
 111   1         if(num <= lightvalue)
C51 COMPILER V9.54   LIGTHCONTROLLER                                                       04/26/2017 14:51:08 PAGE 3   

 112   1         {
 113   2          lightvalue = num;
 114   2         }
 115   1      }
 116          


MODULE INFORMATION:   STATIC OVERLAYABLE
   CODE SIZE        =    650    ----
   CONSTANT SIZE    =   ----    ----
   XDATA SIZE       =     11      18
   PDATA SIZE       =   ----    ----
   DATA SIZE        =   ----    ----
   IDATA SIZE       =   ----    ----
   BIT SIZE         =      1    ----
END OF MODULE INFORMATION.


C51 COMPILATION COMPLETE.  5 WARNING(S),  0 ERROR(S)
