BL51 BANKED LINKER/LOCATER V6.22                                                        05/26/2017  20:48:16  PAGE 1


BL51 BANKED LINKER/LOCATER V6.22, INVOKED BY:
J:\PROGRAM\KEIL\C51\BIN\BL51.EXE DELAY.obj, main.obj, NRF24L01.obj, uart.obj, schduler.obj, controller.obj, ds1302.obj, 
>> LCD5110.obj, keyctrl.obj, keyhandler.obj, iddatabase.obj, seting.obj, ligthcontroller.obj, view.obj TO roomctrler RAM
>> SIZE (256)


MEMORY MODEL: LARGE


INPUT MODULES INCLUDED:
  DELAY.obj (DELAY)
  main.obj (MAIN)
  NRF24L01.obj (NRF24L01)
  uart.obj (UART)
  schduler.obj (SCHDULER)
  controller.obj (CONTROLLER)
  ds1302.obj (DS1302)
  LCD5110.obj (LCD5110)
  keyctrl.obj (KEYCTRL)
  keyhandler.obj (KEYHANDLER)
  iddatabase.obj (IDDATABASE)
  seting.obj (SETING)
  ligthcontroller.obj (LIGTHCONTROLLER)
  view.obj (VIEW)
  J:\PROGRAM\KEIL\C51\LIB\C51L.LIB (?C_STARTUP)
  J:\PROGRAM\KEIL\C51\LIB\C51L.LIB (?C?COPY)
  J:\PROGRAM\KEIL\C51\LIB\C51L.LIB (?C?SCDIV)
  J:\PROGRAM\KEIL\C51\LIB\C51L.LIB (?C?CLDPTR)
  J:\PROGRAM\KEIL\C51\LIB\C51L.LIB (?C?CLDOPTR)
  J:\PROGRAM\KEIL\C51\LIB\C51L.LIB (?C?CSTPTR)
  J:\PROGRAM\KEIL\C51\LIB\C51L.LIB (?C?CSTOPTR)
  J:\PROGRAM\KEIL\C51\LIB\C51L.LIB (?C?SIDIV)
  J:\PROGRAM\KEIL\C51\LIB\C51L.LIB (?C?ILDIX)
  J:\PROGRAM\KEIL\C51\LIB\C51L.LIB (?C?SLDIV)
  J:\PROGRAM\KEIL\C51\LIB\C51L.LIB (?C?LSTXDATA)
  J:\PROGRAM\KEIL\C51\LIB\C51L.LIB (PRINTF)
  J:\PROGRAM\KEIL\C51\LIB\C51L.LIB (?C_INIT)
  J:\PROGRAM\KEIL\C51\LIB\C51L.LIB (?C?UIDIV)
  J:\PROGRAM\KEIL\C51\LIB\C51L.LIB (?C?ULDIV)
  J:\PROGRAM\KEIL\C51\LIB\C51L.LIB (?C?PLDIXDATA)
  J:\PROGRAM\KEIL\C51\LIB\C51L.LIB (?C?PSTXDATA)
  J:\PROGRAM\KEIL\C51\LIB\C51L.LIB (?C?CCASE)
  J:\PROGRAM\KEIL\C51\LIB\C51L.LIB (PUTCHAR)


LINK MAP OF MODULE:  roomctrler (DELAY)


            TYPE    BASE      LENGTH    RELOCATION   SEGMENT NAME
            -----------------------------------------------------

            * * * * * * *   D A T A   M E M O R Y   * * * * * * *
            REG     0000H     0008H     ABSOLUTE     "REG BANK 0"
            REG     0008H     0008H     ABSOLUTE     "REG BANK 1"
            REG     0010H     0008H     ABSOLUTE     "REG BANK 2"
            DATA    0018H     0005H     UNIT         _DATA_GROUP_
                    001DH     0003H                  *** GAP ***
            DATA    0020H     0001H     BIT_ADDR     ?BA?NRF24L01
BL51 BANKED LINKER/LOCATER V6.22                                                      05/26/2017  20:48:16  PAGE 2


            BIT     0021H.0   0001H.1   UNIT         _BIT_GROUP_
            BIT     0022H.1   0000H.1   UNIT         ?BI?UART
            BIT     0022H.2   0000H.1   UNIT         ?BI?LIGTHCONTROLLER
            BIT     0022H.3   0000H.1   UNIT         ?BI?VIEW
                    0022H.4   0000H.4                *** GAP ***
            IDATA   0023H     0001H     UNIT         ?STACK

            * * * * * * *  X D A T A   M E M O R Y  * * * * * * *
            XDATA   0000H     044CH     UNIT         ?XD?IDDATABASE
            XDATA   044CH     0078H     UNIT         _XDATA_GROUP_
            XDATA   04C4H     003FH     UNIT         ?XD?LCD5110
            XDATA   0503H     0017H     UNIT         ?XD?UART
            XDATA   051AH     0014H     UNIT         ?XD?CONTROLLER
            XDATA   052EH     000BH     UNIT         ?XD?LIGTHCONTROLLER
            XDATA   0539H     0006H     UNIT         ?XD?SETING
            XDATA   053FH     0005H     UNIT         ?XD?NRF24L01
            XDATA   0544H     0004H     UNIT         ?XD?MAIN
            XDATA   0548H     0004H     UNIT         ?XD?VIEW
            XDATA   054CH     0003H     UNIT         ?XD?_NRFSETTXMODE?NRF24L01
            XDATA   054FH     0002H     UNIT         ?XD?KEYHANDLER

            * * * * * * *   C O D E   M E M O R Y   * * * * * * *
            CODE    0000H     0003H     ABSOLUTE     
            CODE    0003H     0008H     UNIT         ?CO?KEYCTRL
            CODE    000BH     0003H     ABSOLUTE     
            CODE    000EH     0015H     UNIT         ?PR?C51TIMER0INIT?MAIN
            CODE    0023H     0003H     ABSOLUTE     
            CODE    0026H     04F0H     UNIT         ?CO?LCD5110
            CODE    0516H     0365H     UNIT         ?PR?PRINTF?PRINTF
            CODE    087BH     0353H     UNIT         ?C?LIB_CODE
            CODE    0BCEH     01D6H     UNIT         ?PR?SETLVOFF_ON?SETING
            CODE    0DA4H     017DH     UNIT         ?PR?_SETCLOSETIME?SETING
            CODE    0F21H     014BH     UNIT         ?PR?_CASHCARD?CONTROLLER
            CODE    106CH     013CH     UNIT         ?PR?UIUPDATER?VIEW
            CODE    11A8H     00FBH     UNIT         ?PR?_TIMECMP?LIGTHCONTROLLER
            CODE    12A3H     00EFH     UNIT         ?PR?_LCDDRAW?LCD5110
            CODE    1392H     00CFH     UNIT         ?PR?SCHDULERSWITCH?MAIN
            CODE    1461H     00CEH     UNIT         ?PR?GETKEYPREE?KEYCTRL
            CODE    152FH     00C2H     UNIT         ?PR?_LIGHTCTRL?LIGTHCONTROLLER
            CODE    15F1H     00B5H     UNIT         ?PR?SHOWLIGHTSTA?VIEW
            CODE    16A6H     00B3H     UNIT         ?PR?_DS1302_GETTIME?DS1302
            CODE    1759H     00A8H     UNIT         ?CO?SETING
            CODE    1801H     00A8H     UNIT         ?CO?VIEW
            CODE    18A9H     009EH     UNIT         ?PR?_PARAFILTER?CONTROLLER
            CODE    1947H     008CH     UNIT         ?C_C51STARTUP
            CODE    19D3H     0084H     UNIT         ?CO?CONTROLLER
            CODE    1A57H     007EH     UNIT         ?PR?SETBEEANLE?SETING
            CODE    1AD5H     007DH     UNIT         ?PR?_DATETOSTR?DS1302
            CODE    1B52H     0076H     UNIT         ?PR?_TIMETOSTR?DS1302
            CODE    1BC8H     0075H     UNIT         ?PR?_SHOWTIMEVAL?VIEW
            CODE    1C3DH     0071H     UNIT         ?PR?TIMER0INTERRUPT?MAIN
            CODE    1CAEH     0070H     UNIT         ?PR?_SELECTID?IDDATABASE
            CODE    1D1EH     0070H     UNIT         ?PR?_TIMETOCLOSE?LIGTHCONTROLLER
            CODE    1D8EH     006DH     UNIT         ?PR?TRUNPAGE?VIEW
            CODE    1DFBH     0060H     UNIT         ?PR?INPUTBOX?SETING
            CODE    1E5BH     0059H     UNIT         ?PR?_HANDLERCASH?UART
            CODE    1EB4H     0057H     UNIT         ?PR?_NRFSETTXMODE?NRF24L01
BL51 BANKED LINKER/LOCATER V6.22                                                      05/26/2017  20:48:16  PAGE 3


            CODE    1F0BH     0055H     UNIT         ?PR?_INSERTID?IDDATABASE
            CODE    1F60H     0054H     UNIT         ?PR?_SETLIGHT?LIGTHCONTROLLER
            CODE    1FB4H     004FH     UNIT         ?PR?_LCDPRINTF?LCD5110
            CODE    2003H     004EH     UNIT         ?C_INITSEG
            CODE    2051H     004DH     UNIT         ?PR?GETKEYVAL?KEYCTRL
            CODE    209EH     0047H     UNIT         ?PR?_SHOWMSG?VIEW
            CODE    20E5H     0045H     UNIT         ?PR?_LCD_WRITE_BYTE?LCD5110
            CODE    212AH     0044H     UNIT         ?C?LDIV
            CODE    216EH     0043H     UNIT         ?PR?KEYHANDLER?KEYHANDLER
            CODE    21B1H     003FH     UNIT         ?PR?NRFSETRXMODE?NRF24L01
            CODE    21F0H     0039H     UNIT         ?PR?GETDATE?NRF24L01
            CODE    2229H     0036H     UNIT         ?PR?_LCDCLEARPOS?LCD5110
            CODE    225FH     0035H     UNIT         ?PR?_NRFREADRXDATE?NRF24L01
            CODE    2294H     0033H     UNIT         ?PR?_NRFWRITETXDATE?NRF24L01
            CODE    22C7H     002FH     UNIT         ?PR?SHOWBEEABLE?VIEW
            CODE    22F6H     002EH     UNIT         ?PR?_LCDWRITECHAR?LCD5110
            CODE    2324H     002BH     UNIT         ?PR?GETCUTRRENTTIME?CONTROLLER
            CODE    234FH     002BH     UNIT         ?PR?SETCURRENTTIME?SETING
            CODE    237AH     002BH     UNIT         ?PR?TIMECTRL?LIGTHCONTROLLER
            CODE    23A5H     002BH     UNIT         ?PR?BEEHANDLER?VIEW
            CODE    23D0H     002AH     UNIT         ?PR?_NRFSPI?NRF24L01
            CODE    23FAH     002AH     UNIT         ?PR?_SENDSTRING?UART
            CODE    2424H     0027H     UNIT         ?PR?UART?UART
            CODE    244BH     0027H     UNIT         ?PR?PUTCHAR?PUTCHAR
            CODE    2472H     0026H     UNIT         ?PR?CLEANDRAWBUF?LCD5110
            CODE    2498H     0024H     UNIT         ?PR?CONTROLLERINIT?CONTROLLER
            CODE    24BCH     0021H     UNIT         ?PR?MSGVIEWHANDLER?VIEW
            CODE    24DDH     0020H     UNIT         ?PR?_DS1302_SETTIME?DS1302
            CODE    24FDH     0020H     UNIT         ?PR?LCD_INIT?LCD5110
            CODE    251DH     001FH     UNIT         ?PR?_NRFWRITEREG?NRF24L01
            CODE    253CH     001EH     UNIT         ?PR?_NRFDELAY?DELAY
            CODE    255AH     001CH     UNIT         ?PR?LCD_CLEAR?LCD5110
            CODE    2576H     001BH     UNIT         ?PR?_NUMBERCTRL?LIGTHCONTROLLER
            CODE    2591H     001AH     UNIT         ?PR?MAIN?MAIN
            CODE    25ABH     001AH     UNIT         ?PR?UARTINIT?UART
            CODE    25C5H     0019H     UNIT         ?PR?SCH2S?SCHDULER
            CODE    25DEH     0018H     UNIT         ?PR?GETFREEINDEX?IDDATABASE
            CODE    25F6H     0016H     UNIT         ?PR?UPDATE?SCHDULER
            CODE    260CH     0013H     UNIT         ?PR?_READ1302?DS1302
            CODE    261FH     0013H     UNIT         ?PR?_GETNUMBER?KEYHANDLER
            CODE    2632H     0012H     UNIT         ?PR?CHECKACK?NRF24L01
            CODE    2644H     0012H     UNIT         ?PR?_LCD_SET_XY?LCD5110
            CODE    2656H     0011H     UNIT         ?PR?_WRITE1302?DS1302
            CODE    2667H     0011H     UNIT         ?PR?INITIAL_DS1302?DS1302
            CODE    2678H     0011H     UNIT         ?CO?KEYHANDLER
            CODE    2689H     0010H     UNIT         ?PR?NRF24L01INT?NRF24L01
            CODE    2699H     0010H     UNIT         ?PR?_DS1302INPUTBYTE?DS1302
            CODE    26A9H     0010H     UNIT         ?PR?DS1302OUTPUTBYTE?DS1302
            CODE    26B9H     0010H     UNIT         ?PR?_DELECTID?IDDATABASE
            CODE    26C9H     000FH     UNIT         ?PR?_SETREAD?UART
            CODE    26D8H     000FH     UNIT         ?PR?DS1302_SETPROTECT?DS1302
            CODE    26E7H     000FH     UNIT         ?PR?DELAY_1MS?LCD5110
            CODE    26F6H     000EH     UNIT         ?PR?_SETBUSYINDEX?IDDATABASE
            CODE    2704H     000DH     UNIT         ?PR?_NRFREADREG?NRF24L01
            CODE    2711H     000DH     UNIT         ?PR?_SETFREEINDEX?IDDATABASE
            CODE    271EH     000CH     UNIT         ?PR?GETKEY?KEYHANDLER
            CODE    272AH     000BH     UNIT         ?PR?LCDCLS?LCD5110
BL51 BANKED LINKER/LOCATER V6.22                                                      05/26/2017  20:48:16  PAGE 4


            CODE    2735H     000BH     UNIT         ?PR?DBINIT?IDDATABASE
            CODE    2740H     0009H     UNIT         ?PR?_SENDDATA?UART
            CODE    2749H     0008H     UNIT         ?PR?_BEEBEE?VIEW
            CODE    2751H     0007H     UNIT         ?CO?MAIN
            CODE    2758H     0007H     UNIT         ?PR?GETUARTBUF?UART
            CODE    275FH     0006H     UNIT         ?PR?GETUARTBUFLEN?UART
            CODE    2765H     0006H     UNIT         ?PR?GETREADED?UART
            CODE    276BH     0006H     UNIT         ?PR?SCH01S?SCHDULER
            CODE    2771H     0006H     UNIT         ?PR?_DELECTIDBYINDEX?IDDATABASE
            CODE    2777H     0005H     UNIT         ?CO?NRF24L01
            CODE    277CH     0003H     UNIT         ?PR?SCH005S?SCHDULER
            CODE    277FH     0003H     UNIT         ?PR?SCH03S?SCHDULER
            CODE    2782H     0003H     UNIT         ?PR?SCH05S?SCHDULER
            CODE    2785H     0003H     UNIT         ?PR?_SETOPENTIME?SETING
            CODE    2788H     0001H     UNIT         ?PR?KEYNUMBERHANDLER?KEYHANDLER



OVERLAY MAP OF MODULE:   roomctrler (DELAY)


SEGMENT                                     BIT_GROUP          DATA_GROUP          XDATA_GROUP
  +--> CALLED SEGMENT                    START    LENGTH     START    LENGTH     START    LENGTH
------------------------------------------------------------------------------------------------
?PR?UART?UART                            -----    -----      -----    -----      -----    -----
  +--> ?PR?_HANDLERCASH?UART

?PR?_HANDLERCASH?UART                    -----    -----      -----    -----      -----    -----
  +--> ?PR?GETREADED?UART
  +--> ?PR?_SETREAD?UART

*** NEW ROOT ***************************************************

?C_C51STARTUP                            -----    -----      -----    -----      -----    -----
  +--> ?PR?MAIN?MAIN
  +--> ?C_INITSEG

?PR?MAIN?MAIN                            -----    -----      -----    -----      -----    -----
  +--> ?PR?UARTINIT?UART
  +--> ?PR?NRF24L01INT?NRF24L01
  +--> ?PR?C51TIMER0INIT?MAIN
  +--> ?PR?CONTROLLERINIT?CONTROLLER
  +--> ?CO?MAIN
  +--> ?PR?_SENDSTRING?UART
  +--> ?PR?SCHDULERSWITCH?MAIN

?PR?NRF24L01INT?NRF24L01                 -----    -----      -----    -----      -----    -----
  +--> ?PR?_NRFDELAY?DELAY

?PR?CONTROLLERINIT?CONTROLLER            -----    -----      -----    -----      -----    -----
  +--> ?PR?INITIAL_DS1302?DS1302
  +--> ?PR?DBINIT?IDDATABASE
  +--> ?PR?LCD_INIT?LCD5110
  +--> ?PR?LCDCLS?LCD5110
  +--> ?PR?_BEEBEE?VIEW

?PR?INITIAL_DS1302?DS1302                -----    -----      -----    -----      -----    -----
BL51 BANKED LINKER/LOCATER V6.22                                                      05/26/2017  20:48:16  PAGE 5


  +--> ?PR?_READ1302?DS1302
  +--> ?PR?_DS1302_SETTIME?DS1302

?PR?_READ1302?DS1302                     -----    -----      -----    -----      -----    -----
  +--> ?PR?_DS1302INPUTBYTE?DS1302
  +--> ?PR?DS1302OUTPUTBYTE?DS1302

?PR?_DS1302_SETTIME?DS1302               -----    -----      -----    -----      -----    -----
  +--> ?PR?DS1302_SETPROTECT?DS1302
  +--> ?PR?_WRITE1302?DS1302

?PR?DS1302_SETPROTECT?DS1302             0021H.0  0000H.1    -----    -----      -----    -----
  +--> ?PR?_WRITE1302?DS1302

?PR?_WRITE1302?DS1302                    -----    -----      -----    -----      -----    -----
  +--> ?PR?_DS1302INPUTBYTE?DS1302

?PR?LCD_INIT?LCD5110                     -----    -----      -----    -----      -----    -----
  +--> ?PR?DELAY_1MS?LCD5110
  +--> ?PR?_LCD_WRITE_BYTE?LCD5110
  +--> ?PR?CLEANDRAWBUF?LCD5110

?PR?_LCD_WRITE_BYTE?LCD5110              -----    -----      -----    -----      -----    -----
  +--> ?CO?LCD5110

?PR?LCDCLS?LCD5110                       -----    -----      -----    -----      -----    -----
  +--> ?PR?CLEANDRAWBUF?LCD5110
  +--> ?PR?LCD_CLEAR?LCD5110

?PR?LCD_CLEAR?LCD5110                    -----    -----      -----    -----      -----    -----
  +--> ?PR?_LCD_SET_XY?LCD5110
  +--> ?PR?_LCD_WRITE_BYTE?LCD5110

?PR?_LCD_SET_XY?LCD5110                  -----    -----      -----    -----      -----    -----
  +--> ?PR?_LCD_WRITE_BYTE?LCD5110

?PR?_BEEBEE?VIEW                         -----    -----      -----    -----      -----    -----
  +--> ?PR?BEEHANDLER?VIEW

?PR?_SENDSTRING?UART                     -----    -----      -----    -----      044CH    0003H
  +--> ?PR?_SENDDATA?UART

?PR?SCHDULERSWITCH?MAIN                  -----    -----      -----    -----      -----    -----
  +--> ?PR?UPDATE?SCHDULER
  +--> ?PR?SCH2S?SCHDULER
  +--> ?PR?SCH005S?SCHDULER
  +--> ?PR?SCH01S?SCHDULER
  +--> ?PR?SCH03S?SCHDULER
  +--> ?PR?SCH05S?SCHDULER

?PR?UPDATE?SCHDULER                      -----    -----      -----    -----      044CH    0001H
  +--> ?PR?NRFSETRXMODE?NRF24L01
  +--> ?PR?GETDATE?NRF24L01
  +--> ?PR?_PARAFILTER?CONTROLLER

?PR?NRFSETRXMODE?NRF24L01                -----    -----      -----    -----      -----    -----
  +--> ?CO?NRF24L01
BL51 BANKED LINKER/LOCATER V6.22                                                      05/26/2017  20:48:16  PAGE 6


  +--> ?PR?_NRFWRITETXDATE?NRF24L01
  +--> ?PR?_NRFWRITEREG?NRF24L01
  +--> ?PR?_NRFDELAY?DELAY

?PR?_NRFWRITETXDATE?NRF24L01             -----    -----      -----    -----      044DH    0005H
  +--> ?PR?_NRFSPI?NRF24L01

?PR?_NRFWRITEREG?NRF24L01                -----    -----      -----    -----      -----    -----
  +--> ?PR?_NRFSPI?NRF24L01

?PR?GETDATE?NRF24L01                     -----    -----      -----    -----      044DH    0001H
  +--> ?PR?_NRFREADREG?NRF24L01
  +--> ?PR?_NRFREADRXDATE?NRF24L01
  +--> ?PR?_NRFWRITEREG?NRF24L01
  +--> ?PR?_NRFSPI?NRF24L01

?PR?_NRFREADREG?NRF24L01                 -----    -----      -----    -----      -----    -----
  +--> ?PR?_NRFSPI?NRF24L01

?PR?_NRFREADRXDATE?NRF24L01              -----    -----      -----    -----      044EH    0005H
  +--> ?PR?_NRFSPI?NRF24L01

?PR?_PARAFILTER?CONTROLLER               -----    -----      -----    -----      044DH    0005H

?PR?SCH2S?SCHDULER                       -----    -----      -----    -----      -----    -----
  +--> ?PR?GETCUTRRENTTIME?CONTROLLER
  +--> ?PR?_LIGHTCTRL?LIGTHCONTROLLER
  +--> ?PR?TIMECTRL?LIGTHCONTROLLER

?PR?GETCUTRRENTTIME?CONTROLLER           -----    -----      -----    -----      044CH    0019H
  +--> ?PR?_DS1302_GETTIME?DS1302
  +--> ?PR?_TIMETOSTR?DS1302

?PR?_DS1302_GETTIME?DS1302               -----    -----      -----    -----      -----    -----
  +--> ?PR?_READ1302?DS1302

?PR?_LIGHTCTRL?LIGTHCONTROLLER           -----    -----      -----    -----      044CH    0006H

?PR?TIMECTRL?LIGTHCONTROLLER             -----    -----      -----    -----      -----    -----
  +--> ?PR?_TIMETOCLOSE?LIGTHCONTROLLER
  +--> ?PR?_SETLIGHT?LIGTHCONTROLLER

?PR?_TIMETOCLOSE?LIGTHCONTROLLER         -----    -----      -----    -----      044CH    0009H
  +--> ?PR?_TIMECMP?LIGTHCONTROLLER

?PR?_TIMECMP?LIGTHCONTROLLER             -----    -----      -----    -----      0455H    0006H

?PR?SCH005S?SCHDULER                     -----    -----      -----    -----      -----    -----
  +--> ?PR?KEYHANDLER?KEYHANDLER

?PR?KEYHANDLER?KEYHANDLER                -----    -----      -----    -----      044CH    0001H
  +--> ?PR?GETKEYPREE?KEYCTRL
  +--> ?PR?_BEEBEE?VIEW

?PR?GETKEYPREE?KEYCTRL                   -----    -----      -----    -----      044DH    000CH
  +--> ?CO?KEYCTRL
  +--> ?PR?GETKEYVAL?KEYCTRL
BL51 BANKED LINKER/LOCATER V6.22                                                      05/26/2017  20:48:16  PAGE 7



?PR?SCH01S?SCHDULER                      -----    -----      -----    -----      -----    -----
  +--> ?PR?GETUARTBUF?UART
  +--> ?PR?_CASHCARD?CONTROLLER

?PR?_CASHCARD?CONTROLLER                 -----    -----      -----    -----      044CH    002FH
  +--> ?PR?GETUARTBUFLEN?UART
  +--> ?CO?CONTROLLER
  +--> ?PR?GETREADED?UART
  +--> ?PR?LCDCLS?LCD5110
  +--> ?PR?_BEEBEE?VIEW
  +--> ?PR?_SELECTID?IDDATABASE
  +--> ?PR?_DELECTIDBYINDEX?IDDATABASE
  +--> ?PR?_INSERTID?IDDATABASE
  +--> ?PR?_LCDPRINTF?LCD5110
  +--> ?PR?PRINTF?PRINTF
  +--> ?PR?_SHOWMSG?VIEW
  +--> ?PR?_SETREAD?UART

?PR?_SELECTID?IDDATABASE                 -----    -----      -----    -----      047BH    0004H

?PR?_DELECTIDBYINDEX?IDDATABASE          -----    -----      -----    -----      -----    -----
  +--> ?PR?_SETFREEINDEX?IDDATABASE

?PR?_INSERTID?IDDATABASE                 -----    -----      -----    -----      047BH    0003H
  +--> ?PR?GETFREEINDEX?IDDATABASE
  +--> ?PR?_SETBUSYINDEX?IDDATABASE

?PR?_LCDPRINTF?LCD5110                   -----    -----      -----    -----      -----    -----
  +--> ?PR?_LCDDRAW?LCD5110

?PR?_LCDDRAW?LCD5110                     -----    -----      -----    -----      049CH    0009H
  +--> ?PR?_LCDWRITECHAR?LCD5110
  +--> ?PR?_LCDCLEARPOS?LCD5110

?PR?_LCDWRITECHAR?LCD5110                -----    -----      -----    -----      -----    -----
  +--> ?PR?_LCD_SET_XY?LCD5110
  +--> ?PR?_LCD_WRITE_BYTE?LCD5110

?PR?_LCDCLEARPOS?LCD5110                 -----    -----      -----    -----      -----    -----
  +--> ?PR?_LCD_SET_XY?LCD5110
  +--> ?PR?_LCD_WRITE_BYTE?LCD5110

?PR?PRINTF?PRINTF                        0021H.0  0001H.1    0018H    0005H      049CH    0028H
  +--> ?PR?PUTCHAR?PUTCHAR

?PR?_SHOWMSG?VIEW                        -----    -----      -----    -----      047BH    0021H
  +--> ?CO?VIEW
  +--> ?PR?PRINTF?PRINTF
  +--> ?PR?_LCDPRINTF?LCD5110

?PR?SCH03S?SCHDULER                      -----    -----      -----    -----      -----    -----
  +--> ?PR?BEEHANDLER?VIEW

?PR?SCH05S?SCHDULER                      -----    -----      -----    -----      -----    -----
  +--> ?PR?UIUPDATER?VIEW

BL51 BANKED LINKER/LOCATER V6.22                                                      05/26/2017  20:48:16  PAGE 8


?PR?UIUPDATER?VIEW                       -----    -----      -----    -----      044CH    001EH
  +--> ?PR?MSGVIEWHANDLER?VIEW
  +--> ?PR?TRUNPAGE?VIEW
  +--> ?CO?VIEW
  +--> ?PR?_LCDPRINTF?LCD5110
  +--> ?PR?PRINTF?PRINTF
  +--> ?PR?_SHOWTIMEVAL?VIEW
  +--> ?PR?SETCURRENTTIME?SETING
  +--> ?PR?_SETCLOSETIME?SETING
  +--> ?PR?SHOWBEEABLE?VIEW
  +--> ?PR?SETBEEANLE?SETING
  +--> ?PR?SHOWLIGHTSTA?VIEW
  +--> ?PR?SETLVOFF_ON?SETING
  +--> ?PR?GETKEY?KEYHANDLER

?PR?MSGVIEWHANDLER?VIEW                  -----    -----      -----    -----      -----    -----
  +--> ?PR?LCDCLS?LCD5110

?PR?TRUNPAGE?VIEW                        -----    -----      -----    -----      046AH    0001H
  +--> ?PR?GETKEY?KEYHANDLER
  +--> ?PR?LCDCLS?LCD5110
  +--> ?PR?_GETNUMBER?KEYHANDLER

?PR?GETKEY?KEYHANDLER                    0021H.0  0000H.1    -----    -----      -----    -----

?PR?_GETNUMBER?KEYHANDLER                -----    -----      -----    -----      -----    -----
  +--> ?CO?KEYHANDLER

?PR?_SHOWTIMEVAL?VIEW                    -----    -----      -----    -----      046AH    001AH
  +--> ?CO?VIEW
  +--> ?PR?PRINTF?PRINTF
  +--> ?PR?_LCDPRINTF?LCD5110

?PR?SETCURRENTTIME?SETING                -----    -----      -----    -----      -----    -----
  +--> ?PR?_SETCLOSETIME?SETING
  +--> ?PR?_DS1302_SETTIME?DS1302

?PR?_SETCLOSETIME?SETING                 -----    -----      -----    -----      046AH    0023H
  +--> ?PR?GETKEY?KEYHANDLER
  +--> ?PR?LCDCLS?LCD5110
  +--> ?PR?INPUTBOX?SETING
  +--> ?CO?SETING
  +--> ?PR?PRINTF?PRINTF
  +--> ?PR?_LCDPRINTF?LCD5110

?PR?INPUTBOX?SETING                      -----    -----      -----    -----      048DH    0001H
  +--> ?PR?GETKEY?KEYHANDLER
  +--> ?PR?_GETNUMBER?KEYHANDLER

?PR?SHOWBEEABLE?VIEW                     -----    -----      -----    -----      046AH    001EH
  +--> ?CO?VIEW
  +--> ?PR?PRINTF?PRINTF
  +--> ?PR?_LCDPRINTF?LCD5110

?PR?SETBEEANLE?SETING                    -----    -----      -----    -----      046AH    001FH
  +--> ?PR?GETKEY?KEYHANDLER
  +--> ?PR?LCDCLS?LCD5110
BL51 BANKED LINKER/LOCATER V6.22                                                      05/26/2017  20:48:16  PAGE 9


  +--> ?CO?SETING
  +--> ?PR?PRINTF?PRINTF
  +--> ?PR?_LCDPRINTF?LCD5110
  +--> ?PR?_BEEBEE?VIEW

?PR?SHOWLIGHTSTA?VIEW                    -----    -----      -----    -----      046AH    001FH
  +--> ?CO?VIEW
  +--> ?PR?PRINTF?PRINTF
  +--> ?PR?_LCDPRINTF?LCD5110

?PR?SETLVOFF_ON?SETING                   -----    -----      -----    -----      046AH    0022H
  +--> ?PR?GETKEY?KEYHANDLER
  +--> ?PR?LCDCLS?LCD5110
  +--> ?CO?SETING
  +--> ?PR?PRINTF?PRINTF
  +--> ?PR?_LCDPRINTF?LCD5110
  +--> ?PR?INPUTBOX?SETING



SYMBOL TABLE OF MODULE:  roomctrler (DELAY)

  VALUE           TYPE          NAME
  ----------------------------------

  -------         MODULE        DELAY
  C:0000H         SYMBOL        _ICE_DUMMY_
  D:0080H         PUBLIC        P0
  D:0090H         PUBLIC        P1
  D:00A0H         PUBLIC        P2
  D:00B0H         PUBLIC        P3
  D:00C0H         PUBLIC        P4
  D:00C8H         PUBLIC        P5
  D:00A8H         PUBLIC        IE
  D:00B8H         PUBLIC        IP
  D:0098H         PUBLIC        SCON
  D:0088H         PUBLIC        TCON
  D:00E0H         PUBLIC        ACC
  C:253CH         PUBLIC        _NRFDelay
  D:00C8H         PUBLIC        T2CON
  D:00D0H         PUBLIC        PSW
  -------         PROC          _NRFDELAY
  D:0006H         SYMBOL        t
  -------         DO            
  D:0006H         SYMBOL        x
  D:0004H         SYMBOL        y
  -------         ENDDO         
  C:253CH         LINE#         12
  C:253CH         LINE#         13
  C:253CH         LINE#         15
  C:2545H         LINE#         16
  C:2559H         LINE#         17
  -------         ENDPROC       _NRFDELAY
  -------         ENDMOD        DELAY

  -------         MODULE        MAIN
  C:0000H         SYMBOL        _ICE_DUMMY_
BL51 BANKED LINKER/LOCATER V6.22                                                      05/26/2017  20:48:16  PAGE 10


  D:0080H         PUBLIC        P0
  D:0090H         PUBLIC        P1
  D:00A0H         PUBLIC        P2
  D:00B0H         PUBLIC        P3
  D:00C0H         PUBLIC        P4
  D:00C8H         PUBLIC        P5
  B:00A8H.7       PUBLIC        EA
  C:1C3DH         PUBLIC        Timer0Interrupt
  D:00A8H         PUBLIC        IE
  D:00B8H         PUBLIC        IP
  C:2591H         PUBLIC        main
  D:0098H         PUBLIC        SCON
  D:0089H         PUBLIC        TMOD
  D:0088H         PUBLIC        TCON
  B:00C8H.5       PUBLIC        P55
  D:008EH         PUBLIC        AUXR
  D:00E0H         PUBLIC        ACC
  B:00A8H.1       PUBLIC        ET0
  B:0088H.5       PUBLIC        TF0
  D:008CH         PUBLIC        TH0
  D:008AH         PUBLIC        TL0
  B:0088H.4       PUBLIC        TR0
  D:00C8H         PUBLIC        T2CON
  X:0544H         PUBLIC        osclock
  C:000EH         PUBLIC        C51Timer0Init
  C:1392H         PUBLIC        schdulerswitch
  D:00D0H         PUBLIC        PSW
  -------         PROC          MAIN
  C:2591H         LINE#         9
  C:2591H         LINE#         10
  C:2591H         LINE#         11
  C:2594H         LINE#         12
  C:2597H         LINE#         13
  C:259AH         LINE#         14
  C:259DH         LINE#         15
  C:25A6H         LINE#         16
  -------         ENDPROC       MAIN
  -------         PROC          SCHDULERSWITCH
  C:1392H         LINE#         18
  C:1392H         LINE#         19
  C:1392H         LINE#         20
  C:1395H         LINE#         21
  C:13BEH         LINE#         23
  C:13E6H         LINE#         25
  C:140EH         LINE#         27
  C:1437H         LINE#         29
  C:1460H         LINE#         30
  -------         ENDPROC       SCHDULERSWITCH
  -------         PROC          C51TIMER0INIT
  C:000EH         LINE#         31
  C:000EH         LINE#         32
  C:000EH         LINE#         33
  C:0011H         LINE#         34
  C:0014H         LINE#         35
  C:0017H         LINE#         36
  C:001AH         LINE#         37
  C:001CH         LINE#         38
BL51 BANKED LINKER/LOCATER V6.22                                                      05/26/2017  20:48:16  PAGE 11


  C:001EH         LINE#         39
  C:0020H         LINE#         40
  C:0022H         LINE#         42
  -------         ENDPROC       C51TIMER0INIT
  -------         PROC          TIMER0INTERRUPT
  C:1C3DH         LINE#         43
  C:1C4AH         LINE#         45
  C:1C7BH         LINE#         46
  C:1CA1H         LINE#         47
  C:1CA1H         LINE#         48
  C:1CA3H         LINE#         49
  C:1CA3H         LINE#         50
  -------         ENDPROC       TIMER0INTERRUPT
  -------         ENDMOD        MAIN

  -------         MODULE        NRF24L01
  C:0000H         SYMBOL        _ICE_DUMMY_
  D:0080H         PUBLIC        P0
  D:0090H         PUBLIC        P1
  D:00A0H         PUBLIC        P2
  D:00B0H         PUBLIC        P3
  D:00C0H         PUBLIC        P4
  D:00C8H         PUBLIC        P5
  C:2704H         PUBLIC        _NRFReadReg
  B:0090H.4       PUBLIC        CE
  D:00A8H         PUBLIC        IE
  C:252BH         PUBLIC        _NRFWriteReg
  D:00B8H         PUBLIC        IP
  B:0020H.6       PUBLIC        RX_DR
  C:21F0H         PUBLIC        GetDate
  B:0020H.5       PUBLIC        TX_DS
  C:2689H         PUBLIC        NRF24L01Int
  B:0090H.3       PUBLIC        SCLK
  C:2632H         PUBLIC        CheckACK
  C:225FH         PUBLIC        _NRFReadRxDate
  D:0098H         PUBLIC        SCON
  D:0088H         PUBLIC        TCON
  B:0090H.2       PUBLIC        MISO
  B:0090H.1       PUBLIC        MOSI
  C:2294H         PUBLIC        _NRFWriteTxDate
  D:00E0H         PUBLIC        ACC
  C:21B1H         PUBLIC        NRFSetRXMode
  D:0020H         PUBLIC        sta
  C:23DAH         PUBLIC        _NRFSPI
  B:0090H.0       PUBLIC        CSN
  D:00C8H         PUBLIC        T2CON
  C:1EB4H         PUBLIC        _NRFSetTxMode
  B:00C0H.7       PUBLIC        IRQ
  B:0020H.4       PUBLIC        MAX_RT
  C:2777H         PUBLIC        RxAddr0
  X:053FH         PUBLIC        RevTempDate0
  D:00D0H         PUBLIC        PSW
  -------         PROC          L?0029
  -------         ENDPROC       L?0029
  -------         PROC          _NRFSPI
  D:0007H         SYMBOL        date
  -------         DO            
BL51 BANKED LINKER/LOCATER V6.22                                                      05/26/2017  20:48:16  PAGE 12


  D:0006H         SYMBOL        i
  -------         ENDDO         
  C:23DAH         LINE#         27
  C:23DAH         LINE#         28
  C:23DAH         LINE#         30
  C:23DCH         LINE#         31
  C:23DCH         LINE#         32
  C:23E0H         LINE#         33
  C:23E4H         LINE#         35
  C:23E6H         LINE#         36
  C:23EAH         LINE#         37
  C:23ECH         LINE#         38
  C:23EFH         LINE#         39
  C:23F2H         LINE#         40
  C:23F4H         LINE#         41
  C:23F9H         LINE#         42
  C:23F9H         LINE#         43
  -------         ENDPROC       _NRFSPI
  -------         PROC          NRF24L01INT
  C:2689H         LINE#         45
  C:2689H         LINE#         46
  C:2689H         LINE#         47
  C:2690H         LINE#         48
  C:2692H         LINE#         49
  C:2694H         LINE#         50
  C:2696H         LINE#         51
  C:2698H         LINE#         52
  -------         ENDPROC       NRF24L01INT
  -------         PROC          _NRFREADREG
  D:0007H         SYMBOL        RegAddr
  -------         DO            
  D:0007H         SYMBOL        BackDate
  -------         ENDDO         
  C:2704H         LINE#         54
  C:2704H         LINE#         55
  C:2704H         LINE#         57
  C:2706H         LINE#         58
  C:2709H         LINE#         59
  C:270EH         LINE#         60
  C:2710H         LINE#         61
  C:2710H         LINE#         62
  -------         ENDPROC       _NRFREADREG
  -------         PROC          L?0028
  -------         ENDPROC       L?0028
  -------         PROC          _NRFWRITEREG
  D:0007H         SYMBOL        RegAddr
  D:0005H         SYMBOL        date
  -------         DO            
  D:0004H         SYMBOL        BackDate
  -------         ENDDO         
  C:252BH         LINE#         64
  C:252BH         LINE#         65
  C:252BH         LINE#         67
  C:252DH         LINE#         68
  C:2532H         LINE#         69
  C:2537H         LINE#         70
  C:2539H         LINE#         71
BL51 BANKED LINKER/LOCATER V6.22                                                      05/26/2017  20:48:16  PAGE 13


  C:253BH         LINE#         72
  -------         ENDPROC       _NRFWRITEREG
  -------         PROC          _NRFREADRXDATE
  D:0007H         SYMBOL        RegAddr
  X:044FH         SYMBOL        RxDate
  X:0452H         SYMBOL        DateLen
  -------         DO            
  D:0005H         SYMBOL        BackDate
  D:0004H         SYMBOL        i
  -------         ENDDO         
  C:225FH         LINE#         74
  C:2262H         LINE#         75
  C:2262H         LINE#         77
  C:2262H         LINE#         78
  C:2267H         LINE#         79
  C:2273H         LINE#         80
  C:2273H         LINE#         81
  C:228CH         LINE#         82
  C:228FH         LINE#         83
  C:2291H         LINE#         84
  C:2293H         LINE#         85
  -------         ENDPROC       _NRFREADRXDATE
  -------         PROC          _NRFWRITETXDATE
  D:0007H         SYMBOL        RegAddr
  X:044EH         SYMBOL        TxDate
  X:0451H         SYMBOL        DateLen
  -------         DO            
  D:0005H         SYMBOL        BackDate
  D:0004H         SYMBOL        i
  -------         ENDDO         
  C:2294H         LINE#         87
  C:2297H         LINE#         88
  C:2297H         LINE#         90
  C:2297H         LINE#         91
  C:229CH         LINE#         92
  C:22A8H         LINE#         93
  C:22A8H         LINE#         94
  C:22BFH         LINE#         95
  C:22C2H         LINE#         96
  C:22C4H         LINE#         97
  C:22C6H         LINE#         98
  -------         ENDPROC       _NRFWRITETXDATE
  -------         PROC          _NRFSETTXMODE
  X:054CH         SYMBOL        TxDate
  C:1EB4H         LINE#         100
  C:1EBFH         LINE#         101
  C:1EBFH         LINE#         102
  C:1EC1H         LINE#         103
  C:1ED2H         LINE#         104
  C:1EE8H         LINE#         106
  C:1EEFH         LINE#         107
  C:1EF4H         LINE#         108
  C:1EF8H         LINE#         109
  C:1EF8H         LINE#         110
  C:1EFBH         LINE#         111
  C:1F02H         LINE#         112
  C:1F04H         LINE#         113
BL51 BANKED LINKER/LOCATER V6.22                                                      05/26/2017  20:48:16  PAGE 14


  -------         ENDPROC       _NRFSETTXMODE
  -------         PROC          NRFSETRXMODE
  C:21B1H         LINE#         117
  C:21B1H         LINE#         118
  C:21B1H         LINE#         119
  C:21B3H         LINE#         120
  C:21C4H         LINE#         124
  C:21CBH         LINE#         125
  C:21D0H         LINE#         127
  C:21D6H         LINE#         128
  C:21DBH         LINE#         129
  C:21DDH         LINE#         131
  C:21DDH         LINE#         132
  C:21E0H         LINE#         133
  C:21E7H         LINE#         134
  C:21E9H         LINE#         135
  -------         ENDPROC       NRFSETRXMODE
  -------         PROC          CHECKACK
  C:2632H         LINE#         138
  C:2632H         LINE#         139
  C:2632H         LINE#         140
  C:2639H         LINE#         141
  C:263CH         LINE#         142
  C:2643H         LINE#         143
  -------         ENDPROC       CHECKACK
  -------         PROC          GETDATE
  -------         DO            
  X:044DH         SYMBOL        i
  D:0007H         SYMBOL        RX_P_NO
  -------         ENDDO         
  C:21F0H         LINE#         145
  C:21F0H         LINE#         146
  C:21F0H         LINE#         147
  C:21F5H         LINE#         149
  C:21FCH         LINE#         150
  C:21FFH         LINE#         151
  C:21FFH         LINE#         152
  C:2203H         LINE#         153
  C:2205H         LINE#         154
  C:2207H         LINE#         155
  C:2207H         LINE#         156
  C:2218H         LINE#         159
  C:2218H         LINE#         160
  C:2218H         LINE#         161
  C:221FH         LINE#         162
  C:2221H         LINE#         163
  C:2226H         LINE#         164
  C:2228H         LINE#         165
  C:2228H         LINE#         167
  -------         ENDPROC       GETDATE
  -------         ENDMOD        NRF24L01

  -------         MODULE        UART
  C:0000H         SYMBOL        _ICE_DUMMY_
  D:0080H         PUBLIC        P0
  D:0090H         PUBLIC        P1
  C:275FH         PUBLIC        getuartbuflen
BL51 BANKED LINKER/LOCATER V6.22                                                      05/26/2017  20:48:16  PAGE 15


  D:00A0H         PUBLIC        P2
  D:00B0H         PUBLIC        P3
  D:00C0H         PUBLIC        P4
  D:00C8H         PUBLIC        P5
  B:00A8H.7       PUBLIC        EA
  C:23FAH         PUBLIC        _SendString
  C:2740H         PUBLIC        _SendData
  D:00A2H         PUBLIC        P_SW1
  D:00A8H         PUBLIC        IE
  B:00A8H.4       PUBLIC        ES
  D:00B8H         PUBLIC        IP
  B:0098H.0       PUBLIC        RI
  B:0098H.1       PUBLIC        TI
  C:2424H         PUBLIC        Uart
  C:2765H         PUBLIC        getreaded
  D:0099H         PUBLIC        SBUF
  D:0098H         PUBLIC        SCON
  D:0088H         PUBLIC        TCON
  C:2758H         PUBLIC        getuartbuf
  D:008EH         PUBLIC        AUXR
  B:0022H.1       PUBLIC        busy
  D:00E0H         PUBLIC        ACC
  X:0503H         PUBLIC        _readed
  D:00D6H         PUBLIC        T2H
  X:0504H         PUBLIC        _starttag
  B:00D0H.0       PUBLIC        P
  D:00D7H         PUBLIC        T2L
  C:1E5BH         PUBLIC        _handlercash
  D:00C8H         PUBLIC        T2CON
  C:26C9H         PUBLIC        _setread
  X:0509H         PUBLIC        _uartrecvindex
  X:050AH         PUBLIC        uartrecv
  C:25ABH         PUBLIC        uartinit
  D:00D0H         PUBLIC        PSW
  -------         PROC          UARTINIT
  C:25ABH         LINE#         8
  C:25ABH         LINE#         9
  C:25ABH         LINE#         10
  C:25ADH         LINE#         11
  C:25AFH         LINE#         12
  C:25B1H         LINE#         25
  C:25B4H         LINE#         32
  C:25B7H         LINE#         33
  C:25BAH         LINE#         34
  C:25BDH         LINE#         35
  C:25C0H         LINE#         36
  C:25C2H         LINE#         37
  C:25C4H         LINE#         38
  -------         ENDPROC       UARTINIT
  -------         PROC          UART
  C:2424H         LINE#         42
  C:2431H         LINE#         44
  C:2434H         LINE#         45
  C:2434H         LINE#         46
  C:2436H         LINE#         47
  C:2439H         LINE#         48
  C:2439H         LINE#         49
BL51 BANKED LINKER/LOCATER V6.22                                                      05/26/2017  20:48:16  PAGE 16


  C:243CH         LINE#         50
  C:243CH         LINE#         51
  C:243EH         LINE#         52
  C:2440H         LINE#         53
  C:2440H         LINE#         54
  -------         ENDPROC       UART
  -------         PROC          _SENDDATA
  D:0007H         SYMBOL        dat
  C:2740H         LINE#         58
  C:2740H         LINE#         59
  C:2740H         LINE#         60
  C:2743H         LINE#         61
  C:2744H         LINE#         62
  C:2744H         LINE#         63
  C:2744H         LINE#         69
  C:2744H         LINE#         71
  C:2744H         LINE#         77
  C:2744H         LINE#         78
  C:2746H         LINE#         79
  C:2748H         LINE#         80
  -------         ENDPROC       _SENDDATA
  -------         PROC          _SENDSTRING
  X:044CH         SYMBOL        s
  -------         DO            
  D:0006H         SYMBOL        i
  -------         ENDDO         
  C:23FAH         LINE#         85
  C:2405H         LINE#         86
  C:2405H         LINE#         87
  C:2407H         LINE#         88
  C:241DH         LINE#         89
  C:241DH         LINE#         90
  C:2420H         LINE#         91
  C:2421H         LINE#         92
  C:2423H         LINE#         93
  -------         ENDPROC       _SENDSTRING
  -------         PROC          GETUARTBUF
  C:2758H         LINE#         94
  C:2758H         LINE#         95
  C:2758H         LINE#         96
  C:275EH         LINE#         97
  -------         ENDPROC       GETUARTBUF
  -------         PROC          GETUARTBUFLEN
  C:275FH         LINE#         98
  C:275FH         LINE#         99
  C:275FH         LINE#         100
  C:2764H         LINE#         101
  -------         ENDPROC       GETUARTBUFLEN
  -------         PROC          GETREADED
  C:2765H         LINE#         102
  C:2765H         LINE#         103
  C:2765H         LINE#         104
  C:276AH         LINE#         105
  -------         ENDPROC       GETREADED
  -------         PROC          _SETREAD
  D:0007H         SYMBOL        read
  C:26C9H         LINE#         106
BL51 BANKED LINKER/LOCATER V6.22                                                      05/26/2017  20:48:16  PAGE 17


  C:26C9H         LINE#         107
  C:26C9H         LINE#         108
  C:26D2H         LINE#         109
  C:26D7H         LINE#         110
  -------         ENDPROC       _SETREAD
  -------         PROC          _HANDLERCASH
  -------         DO            
  D:0006H         SYMBOL        _recvbuf
  -------         ENDDO         
  C:1E5BH         LINE#         111
  C:1E5BH         LINE#         112
  C:1E5BH         LINE#         113
  C:1E5DH         LINE#         114
  C:1E65H         LINE#         115
  C:1E65H         LINE#         117
  C:1E65H         LINE#         118
  C:1E67H         LINE#         119
  C:1E7FH         LINE#         120
  C:1E7FH         LINE#         121
  C:1E84H         LINE#         122
  C:1E88H         LINE#         124
  C:1E88H         LINE#         125
  C:1E9EH         LINE#         126
  C:1EA4H         LINE#         128
  C:1EAAH         LINE#         129
  C:1EAAH         LINE#         130
  C:1EAEH         LINE#         132
  C:1EB3H         LINE#         133
  C:1EB3H         LINE#         135
  -------         ENDPROC       _HANDLERCASH
  -------         ENDMOD        UART

  -------         MODULE        SCHDULER
  C:0000H         SYMBOL        _ICE_DUMMY_
  D:0080H         PUBLIC        P0
  D:0090H         PUBLIC        P1
  D:00A0H         PUBLIC        P2
  D:00B0H         PUBLIC        P3
  D:00C0H         PUBLIC        P4
  D:00C8H         PUBLIC        P5
  C:25F6H         PUBLIC        update
  D:00A8H         PUBLIC        IE
  C:276BH         PUBLIC        sch01s
  C:277FH         PUBLIC        sch03s
  C:2782H         PUBLIC        sch05s
  D:00B8H         PUBLIC        IP
  D:0098H         PUBLIC        SCON
  D:0088H         PUBLIC        TCON
  D:00E0H         PUBLIC        ACC
  C:277CH         PUBLIC        sch005s
  C:25C5H         PUBLIC        sch2s
  D:00C8H         PUBLIC        T2CON
  D:00D0H         PUBLIC        PSW
  -------         PROC          UPDATE
  -------         DO            
  X:044CH         SYMBOL        i
  -------         ENDDO         
BL51 BANKED LINKER/LOCATER V6.22                                                      05/26/2017  20:48:16  PAGE 18


  C:25F6H         LINE#         3
  C:25F6H         LINE#         4
  C:25F6H         LINE#         5
  C:25FBH         LINE#         6
  C:25FEH         LINE#         7
  C:2601H         LINE#         8
  -------         ENDPROC       UPDATE
  -------         PROC          SCH2S
  C:25C5H         LINE#         11
  C:25C5H         LINE#         12
  C:25C5H         LINE#         13
  C:25C8H         LINE#         14
  C:25DBH         LINE#         15
  -------         ENDPROC       SCH2S
  -------         PROC          SCH005S
  C:277CH         LINE#         18
  C:277CH         LINE#         19
  C:277CH         LINE#         20
  -------         ENDPROC       SCH005S
  -------         PROC          SCH01S
  C:276BH         LINE#         22
  C:276BH         LINE#         23
  C:276BH         LINE#         24
  -------         ENDPROC       SCH01S
  -------         PROC          SCH03S
  C:277FH         LINE#         26
  C:277FH         LINE#         27
  C:277FH         LINE#         28
  -------         ENDPROC       SCH03S
  -------         PROC          SCH05S
  C:2782H         LINE#         30
  C:2782H         LINE#         31
  C:2782H         LINE#         32
  -------         ENDPROC       SCH05S
  -------         ENDMOD        SCHDULER

  -------         MODULE        CONTROLLER
  C:0000H         SYMBOL        _ICE_DUMMY_
  D:0080H         PUBLIC        P0
  D:0090H         PUBLIC        P1
  D:00A0H         PUBLIC        P2
  C:2498H         PUBLIC        controllerinit
  D:00B0H         PUBLIC        P3
  D:00C0H         PUBLIC        P4
  D:00C8H         PUBLIC        P5
  X:051AH         PUBLIC        number
  D:00A8H         PUBLIC        IE
  D:00B8H         PUBLIC        IP
  C:18A9H         PUBLIC        _parafilter
  D:0098H         PUBLIC        SCON
  D:0088H         PUBLIC        TCON
  X:051BH         PUBLIC        currenttime
  C:0F21H         PUBLIC        _cashcard
  C:1A39H         SYMBOL        _?ix1000
  D:00E0H         PUBLIC        ACC
  X:0520H         PUBLIC        closetime
  X:0525H         PUBLIC        paralist
BL51 BANKED LINKER/LOCATER V6.22                                                      05/26/2017  20:48:16  PAGE 19


  X:0529H         PUBLIC        opentime
  D:00C8H         PUBLIC        T2CON
  C:2324H         PUBLIC        getcutrrenttime
  B:00A0H.6       PUBLIC        _BEEBEE
  D:00D0H         PUBLIC        PSW
  -------         PROC          CONTROLLERINIT
  C:2498H         LINE#         8
  C:2498H         LINE#         9
  C:2498H         LINE#         10
  C:249AH         LINE#         11
  C:249DH         LINE#         12
  C:24A0H         LINE#         13
  C:24A3H         LINE#         14
  C:24A6H         LINE#         15
  C:24ABH         LINE#         16
  C:24ADH         LINE#         17
  C:24AFH         LINE#         19
  C:24B3H         LINE#         20
  C:24B5H         LINE#         21
  C:24B7H         LINE#         22
  -------         ENDPROC       CONTROLLERINIT
  -------         PROC          _PARAFILTER
  X:044DH         SYMBOL        list
  X:0450H         SYMBOL        size
  -------         DO            
  D:0004H         SYMBOL        i
  D:0006H         SYMBOL        val
  X:0451H         SYMBOL        id
  -------         ENDDO         
  C:18A9H         LINE#         25
  C:18B9H         LINE#         26
  C:18B9H         LINE#         27
  C:18BAH         LINE#         28
  C:18BBH         LINE#         29
  C:18C4H         LINE#         30
  C:18CAH         LINE#         31
  C:18CAH         LINE#         33
  C:18CAH         LINE#         34
  C:18DAH         LINE#         35
  C:18DAH         LINE#         36
  C:18FAH         LINE#         37
  C:18FDH         LINE#         38
  C:1905H         LINE#         39
  C:1905H         LINE#         40
  C:190AH         LINE#         41
  C:190CH         LINE#         42
  C:1910H         LINE#         43
  C:1910H         LINE#         44
  C:1915H         LINE#         45
  C:1917H         LINE#         46
  C:191FH         LINE#         47
  C:191FH         LINE#         48
  C:1924H         LINE#         49
  C:1926H         LINE#         50
  C:192AH         LINE#         51
  C:192AH         LINE#         52
  C:192FH         LINE#         53
BL51 BANKED LINKER/LOCATER V6.22                                                      05/26/2017  20:48:16  PAGE 20


  C:1931H         LINE#         55
  C:1931H         LINE#         56
  C:1931H         LINE#         57
  C:1931H         LINE#         58
  C:193BH         LINE#         59
  C:193CH         LINE#         61
  C:193CH         LINE#         63
  C:193CH         LINE#         64
  C:193CH         LINE#         65
  C:1946H         LINE#         66
  C:1946H         LINE#         67
  -------         ENDPROC       _PARAFILTER
  -------         PROC          GETCUTRRENTTIME
  -------         DO            
  X:044CH         SYMBOL        CurrentTime
  -------         ENDDO         
  C:2324H         LINE#         68
  C:2324H         LINE#         69
  C:2324H         LINE#         71
  C:232DH         LINE#         72
  C:2336H         LINE#         73
  C:233EH         LINE#         74
  C:2346H         LINE#         75
  C:234EH         LINE#         76
  -------         ENDPROC       GETCUTRRENTTIME
  -------         PROC          _CASHCARD
  X:044CH         SYMBOL        resdata
  -------         DO            
  X:044FH         SYMBOL        index
  X:0450H         SYMBOL        len
  X:0451H         SYMBOL        idsta
  X:045BH         SYMBOL        insertindex
  X:045CH         SYMBOL        selectindex
  X:045DH         SYMBOL        str
  -------         ENDDO         
  C:0F21H         LINE#         78
  C:0F2CH         LINE#         79
  C:0F2CH         LINE#         80
  C:0F2FH         LINE#         81
  C:0F37H         LINE#         83
  C:0F3CH         LINE#         84
  C:0F3EH         LINE#         85
  C:0F50H         LINE#         86
  C:0F5BH         LINE#         87
  C:0F5EH         LINE#         88
  C:0F64H         LINE#         89
  C:0F64H         LINE#         90
  C:0F69H         LINE#         91
  C:0F6FH         LINE#         92
  C:0F72H         LINE#         94
  C:0F72H         LINE#         95
  C:0F77H         LINE#         96
  C:0F8AH         LINE#         97
  C:0F8AH         LINE#         98
  C:0F8FH         LINE#         99
  C:0F8FH         LINE#         100
  C:0FAFH         LINE#         101
BL51 BANKED LINKER/LOCATER V6.22                                                      05/26/2017  20:48:16  PAGE 21


  C:0FAFH         LINE#         102
  C:0FC3H         LINE#         103
  C:0FCBH         LINE#         104
  C:0FD9H         LINE#         105
  C:0FDCH         LINE#         106
  C:0FDCH         LINE#         108
  C:0FE2H         LINE#         109
  C:0FEAH         LINE#         110
  C:0FFBH         LINE#         111
  C:0FFDH         LINE#         113
  C:0FFDH         LINE#         115
  C:100BH         LINE#         116
  C:100EH         LINE#         117
  C:100EH         LINE#         118
  C:1019H         LINE#         119
  C:1024H         LINE#         121
  C:1024H         LINE#         122
  C:102AH         LINE#         123
  C:105BH         LINE#         124
  C:105BH         LINE#         125
  C:1066H         LINE#         126
  C:106BH         LINE#         127
  -------         ENDPROC       _CASHCARD
  -------         ENDMOD        CONTROLLER

  -------         MODULE        DS1302
  C:0000H         SYMBOL        _ICE_DUMMY_
  C:24DDH         PUBLIC        _DS1302_SetTime
  B:00E0H.7       PUBLIC        ACC7
  C:1AD5H         PUBLIC        _DateToStr
  D:0080H         PUBLIC        P0
  D:0090H         PUBLIC        P1
  D:00A0H         PUBLIC        P2
  D:00B0H         PUBLIC        P3
  D:00C0H         PUBLIC        P4
  D:00C8H         PUBLIC        P5
  C:2699H         PUBLIC        _DS1302InputByte
  C:26A9H         PUBLIC        DS1302OutputByte
  C:2667H         PUBLIC        Initial_DS1302
  D:00A8H         PUBLIC        IE
  C:1B52H         PUBLIC        _TimeToStr
  D:00B8H         PUBLIC        IP
  B:0080H.5       PUBLIC        DS1302_CLK
  D:0098H         PUBLIC        SCON
  D:0088H         PUBLIC        TCON
  B:0080H.7       PUBLIC        DS1302_RST
  C:260CH         PUBLIC        _Read1302
  D:00E0H         PUBLIC        ACC
  C:26D8H         PUBLIC        DS1302_SetProtect
  C:2656H         PUBLIC        _Write1302
  B:0080H.6       PUBLIC        DS1302_IO
  D:00C8H         PUBLIC        T2CON
  C:16A6H         PUBLIC        _DS1302_GetTime
  B:00E0H.0       PUBLIC        ACC0
  D:00D0H         PUBLIC        PSW
  -------         PROC          _DS1302INPUTBYTE
  D:0007H         SYMBOL        d
BL51 BANKED LINKER/LOCATER V6.22                                                      05/26/2017  20:48:16  PAGE 22


  -------         DO            
  D:0007H         SYMBOL        i
  -------         ENDDO         
  C:2699H         LINE#         3
  C:2699H         LINE#         4
  C:2699H         LINE#         6
  C:269AH         LINE#         7
  C:269CH         LINE#         8
  C:269CH         LINE#         9
  C:26A0H         LINE#         10
  C:26A2H         LINE#         11
  C:26A4H         LINE#         12
  C:26A6H         LINE#         13
  C:26A8H         LINE#         14
  -------         ENDPROC       _DS1302INPUTBYTE
  -------         PROC          DS1302OUTPUTBYTE
  -------         DO            
  D:0007H         SYMBOL        i
  -------         ENDDO         
  C:26A9H         LINE#         16
  C:26A9H         LINE#         17
  C:26A9H         LINE#         19
  C:26ABH         LINE#         20
  C:26ABH         LINE#         21
  C:26ADH         LINE#         22
  C:26B1H         LINE#         23
  C:26B3H         LINE#         24
  C:26B5H         LINE#         25
  C:26B7H         LINE#         26
  C:26B8H         LINE#         27
  -------         ENDPROC       DS1302OUTPUTBYTE
  -------         PROC          _WRITE1302
  D:0007H         SYMBOL        ucAddr
  D:0005H         SYMBOL        ucDa
  C:2656H         LINE#         29
  C:2656H         LINE#         30
  C:2656H         LINE#         31
  C:2658H         LINE#         32
  C:265AH         LINE#         33
  C:265CH         LINE#         34
  C:265FH         LINE#         35
  C:2664H         LINE#         37
  C:2666H         LINE#         38
  -------         ENDPROC       _WRITE1302
  -------         PROC          _READ1302
  D:0007H         SYMBOL        ucAddr
  -------         DO            
  D:0007H         SYMBOL        ucData
  -------         ENDDO         
  C:260CH         LINE#         40
  C:260CH         LINE#         41
  C:260CH         LINE#         43
  C:260EH         LINE#         44
  C:2610H         LINE#         45
  C:2612H         LINE#         46
  C:2619H         LINE#         47
  C:261CH         LINE#         49
BL51 BANKED LINKER/LOCATER V6.22                                                      05/26/2017  20:48:16  PAGE 23


  C:261EH         LINE#         50
  C:261EH         LINE#         51
  -------         ENDPROC       _READ1302
  -------         PROC          DS1302_SETPROTECT
  B:0021H.0       SYMBOL        flag
  C:26D8H         LINE#         53
  C:26D8H         LINE#         54
  C:26D8H         LINE#         55
  C:26DBH         LINE#         56
  C:26DFH         LINE#         58
  C:26E6H         LINE#         59
  -------         ENDPROC       DS1302_SETPROTECT
  -------         PROC          _DS1302_SETTIME
  D:0004H         SYMBOL        Address
  D:0006H         SYMBOL        Value
  C:24DDH         LINE#         61
  C:24E1H         LINE#         62
  C:24E1H         LINE#         63
  C:24E6H         LINE#         64
  -------         ENDPROC       _DS1302_SETTIME
  -------         PROC          _DS1302_GETTIME
  D:0001H         SYMBOL        Time
  -------         DO            
  D:0007H         SYMBOL        ReadValue
  -------         ENDDO         
  C:16A6H         LINE#         67
  C:16A6H         LINE#         68
  C:16A6H         LINE#         70
  C:16ABH         LINE#         71
  C:16BDH         LINE#         72
  C:16C2H         LINE#         73
  C:16D7H         LINE#         74
  C:16DCH         LINE#         75
  C:16F1H         LINE#         76
  C:16F6H         LINE#         77
  C:170BH         LINE#         78
  C:1710H         LINE#         79
  C:1725H         LINE#         80
  C:172AH         LINE#         81
  C:173FH         LINE#         82
  C:1744H         LINE#         83
  -------         ENDPROC       _DS1302_GETTIME
  -------         PROC          _DATETOSTR
  D:0001H         SYMBOL        Time
  C:1AD5H         LINE#         86
  C:1AD5H         LINE#         87
  C:1AD5H         LINE#         88
  C:1AE5H         LINE#         89
  C:1AF7H         LINE#         90
  C:1AFFH         LINE#         91
  C:1B0FH         LINE#         92
  C:1B21H         LINE#         93
  C:1B29H         LINE#         94
  C:1B39H         LINE#         95
  C:1B4BH         LINE#         96
  -------         ENDPROC       _DATETOSTR
  -------         PROC          _TIMETOSTR
BL51 BANKED LINKER/LOCATER V6.22                                                      05/26/2017  20:48:16  PAGE 24


  D:0001H         SYMBOL        Time
  C:1B52H         LINE#         99
  C:1B52H         LINE#         100
  C:1B52H         LINE#         101
  C:1B62H         LINE#         102
  C:1B74H         LINE#         103
  C:1B7CH         LINE#         104
  C:1B8CH         LINE#         105
  C:1B9EH         LINE#         106
  C:1BA6H         LINE#         107
  C:1BB4H         LINE#         108
  C:1BC1H         LINE#         109
  -------         ENDPROC       _TIMETOSTR
  -------         PROC          INITIAL_DS1302
  -------         DO            
  D:0007H         SYMBOL        Second
  -------         ENDDO         
  C:2667H         LINE#         112
  C:2667H         LINE#         113
  C:2667H         LINE#         114
  C:266CH         LINE#         115
  C:2670H         LINE#         116
  C:2677H         LINE#         117
  -------         ENDPROC       INITIAL_DS1302
  -------         ENDMOD        DS1302

  -------         MODULE        LCD5110
  C:0000H         SYMBOL        _ICE_DUMMY_
  D:0080H         PUBLIC        P0
  D:0090H         PUBLIC        P1
  D:00A0H         PUBLIC        P2
  D:00B0H         PUBLIC        P3
  D:00C0H         PUBLIC        P4
  C:12A3H         PUBLIC        _LCDdraw
  C:26E7H         PUBLIC        delay_1ms
  D:00C8H         PUBLIC        P5
  D:00A8H         PUBLIC        IE
  C:2644H         PUBLIC        _LCD_set_XY
  C:272AH         PUBLIC        LCDcls
  D:00B8H         PUBLIC        IP
  X:04C4H         PUBLIC        slipos
  C:22F6H         PUBLIC        _LCDwritechar
  B:00A0H.2       PUBLIC        sclk
  B:00A0H.1       PUBLIC        sdin
  C:2229H         PUBLIC        _LCDclearpos
  D:0098H         PUBLIC        SCON
  D:0088H         PUBLIC        TCON
  B:00C0H.4       PUBLIC        sce
  C:255AH         PUBLIC        LCD_clear
  X:04C6H         PUBLIC        drawnowbuf
  B:00A0H.0       PUBLIC        dc
  D:00E0H         PUBLIC        ACC
  B:00C0H.3       PUBLIC        res
  X:04E4H         PUBLIC        drawindex
  D:00C8H         PUBLIC        T2CON
  C:24FDH         PUBLIC        LCD_init
  C:1FB4H         PUBLIC        _LCDprintf
BL51 BANKED LINKER/LOCATER V6.22                                                      05/26/2017  20:48:16  PAGE 25


  C:0026H         PUBLIC        numcode
  X:04E5H         PUBLIC        drawbuf
  C:2472H         PUBLIC        cleandrawbuf
  C:2103H         PUBLIC        _LCD_write_byte
  D:00D0H         PUBLIC        PSW
  -------         PROC          DELAY_1MS
  -------         DO            
  D:0006H         SYMBOL        i
  -------         ENDDO         
  C:26E7H         LINE#         327
  C:26E7H         LINE#         328
  C:26E7H         LINE#         330
  C:26F5H         LINE#         332
  -------         ENDPROC       DELAY_1MS
  -------         PROC          L?0052
  -------         ENDPROC       L?0052
  -------         PROC          _LCD_WRITE_BYTE
  D:0007H         SYMBOL        dt
  D:0005H         SYMBOL        command
  -------         DO            
  D:0006H         SYMBOL        i
  -------         ENDDO         
  C:2103H         LINE#         340
  C:2103H         LINE#         341
  C:2103H         LINE#         343
  C:2105H         LINE#         344
  C:210AH         LINE#         345
  C:210CH         LINE#         346
  C:210CH         LINE#         347
  C:2110H         LINE#         348
  C:2114H         LINE#         350
  C:2116H         LINE#         351
  C:211AH         LINE#         352
  C:211CH         LINE#         353
  C:211EH         LINE#         354
  C:2123H         LINE#         355
  C:2125H         LINE#         356
  C:2127H         LINE#         357
  C:2129H         LINE#         358
  -------         ENDPROC       _LCD_WRITE_BYTE
  -------         PROC          LCD_INIT
  C:24FDH         LINE#         363
  C:24FDH         LINE#         364
  C:24FDH         LINE#         365
  C:24FFH         LINE#         366
  C:2502H         LINE#         367
  C:2504H         LINE#         368
  C:250BH         LINE#         369
  C:2510H         LINE#         370
  C:2515H         LINE#         371
  C:251AH         LINE#         372
  -------         ENDPROC       LCD_INIT
  -------         PROC          _LCD_SET_XY
  D:0004H         SYMBOL        X
  D:0005H         SYMBOL        Y
  C:2644H         LINE#         379
  C:2646H         LINE#         380
BL51 BANKED LINKER/LOCATER V6.22                                                      05/26/2017  20:48:16  PAGE 26


  C:2646H         LINE#         381
  C:264FH         LINE#         382
  -------         ENDPROC       _LCD_SET_XY
  -------         PROC          LCD_CLEAR
  -------         DO            
  D:0004H         SYMBOL        t
  D:0003H         SYMBOL        k
  -------         ENDDO         
  C:255AH         LINE#         388
  C:255AH         LINE#         389
  C:255AH         LINE#         392
  C:2560H         LINE#         393
  C:2562H         LINE#         394
  C:2562H         LINE#         395
  C:2564H         LINE#         396
  C:2564H         LINE#         397
  C:256BH         LINE#         399
  C:2570H         LINE#         400
  C:2575H         LINE#         401
  -------         ENDPROC       LCD_CLEAR
  -------         PROC          _LCDWRITECHAR
  D:0001H         SYMBOL        row
  D:0002H         SYMBOL        page
  D:0003H         SYMBOL        c
  -------         DO            
  D:0004H         SYMBOL        i
  -------         ENDDO         
  C:22F6H         LINE#         407
  C:22FAH         LINE#         408
  C:22FAH         LINE#         411
  C:2303H         LINE#         412
  C:2305H         LINE#         413
  C:2305H         LINE#         414
  C:2308H         LINE#         415
  C:230DH         LINE#         417
  C:2319H         LINE#         418
  C:231BH         LINE#         419
  C:231BH         LINE#         420
  C:231EH         LINE#         421
  C:2323H         LINE#         422
  -------         ENDPROC       _LCDWRITECHAR
  -------         PROC          _LCDCLEARPOS
  D:0002H         SYMBOL        row
  D:0003H         SYMBOL        page
  -------         DO            
  D:0004H         SYMBOL        i
  -------         ENDDO         
  C:2229H         LINE#         423
  C:222DH         LINE#         424
  C:222DH         LINE#         426
  C:2236H         LINE#         427
  C:2238H         LINE#         428
  C:2238H         LINE#         429
  C:223FH         LINE#         430
  C:2244H         LINE#         431
  C:2250H         LINE#         432
  C:2252H         LINE#         433
BL51 BANKED LINKER/LOCATER V6.22                                                      05/26/2017  20:48:16  PAGE 27


  C:2252H         LINE#         434
  C:2259H         LINE#         435
  C:225EH         LINE#         436
  -------         ENDPROC       _LCDCLEARPOS
  -------         PROC          CLEANDRAWBUF
  -------         DO            
  D:0007H         SYMBOL        index
  -------         ENDDO         
  C:2472H         LINE#         437
  C:2472H         LINE#         438
  C:2472H         LINE#         439
  C:2474H         LINE#         440
  C:2474H         LINE#         441
  C:2474H         LINE#         442
  C:2486H         LINE#         443
  C:2492H         LINE#         444
  C:2493H         LINE#         445
  C:2497H         LINE#         446
  -------         ENDPROC       CLEANDRAWBUF
  -------         PROC          _LCDDRAW
  X:049CH         SYMBOL        _drawbuf
  X:049FH         SYMBOL        _drawnow
  -------         DO            
  X:04A2H         SYMBOL        index
  X:04A3H         SYMBOL        x
  X:04A4H         SYMBOL        y
  -------         ENDDO         
  C:12A3H         LINE#         447
  C:12AEH         LINE#         448
  C:12AEH         LINE#         449
  C:12B3H         LINE#         450
  C:12B7H         LINE#         452
  C:12C8H         LINE#         453
  C:12C8H         LINE#         455
  C:12D7H         LINE#         456
  C:12D7H         LINE#         457
  C:12DEH         LINE#         458
  C:12E6H         LINE#         459
  C:12EBH         LINE#         460
  C:12EBH         LINE#         461
  C:131AH         LINE#         462
  C:131AH         LINE#         463
  C:131AH         LINE#         464
  C:131CH         LINE#         465
  C:131CH         LINE#         466
  C:1335H         LINE#         467
  C:135BH         LINE#         468
  C:135BH         LINE#         469
  C:1375H         LINE#         470
  C:1377H         LINE#         472
  C:1377H         LINE#         473
  C:1382H         LINE#         474
  C:1382H         LINE#         475
  C:1388H         LINE#         476
  C:1391H         LINE#         477
  -------         ENDPROC       _LCDDRAW
  -------         PROC          LCDCLS
BL51 BANKED LINKER/LOCATER V6.22                                                      05/26/2017  20:48:16  PAGE 28


  C:272AH         LINE#         478
  C:272AH         LINE#         479
  C:272AH         LINE#         480
  C:272DH         LINE#         481
  C:2732H         LINE#         482
  -------         ENDPROC       LCDCLS
  -------         PROC          _LCDPRINTF
  D:0001H         SYMBOL        str
  D:0005H         SYMBOL        pos
  C:1FB4H         LINE#         485
  C:1FB4H         LINE#         486
  C:1FB4H         LINE#         488
  C:1FBCH         LINE#         489
  C:1FBCH         LINE#         490
  C:1FC1H         LINE#         492
  C:1FC1H         LINE#         493
  C:1FC7H         LINE#         494
  C:1FC7H         LINE#         495
  C:1FD6H         LINE#         496
  C:1FDDH         LINE#         497
  C:1FEAH         LINE#         498
  C:1FECH         LINE#         504
  -------         ENDPROC       _LCDPRINTF
  -------         ENDMOD        LCD5110

  -------         MODULE        KEYCTRL
  C:0000H         SYMBOL        _ICE_DUMMY_
  B:00B0H.4       PUBLIC        K4
  B:00B0H.3       PUBLIC        K5
  D:0080H         PUBLIC        P0
  B:00B0H.2       PUBLIC        K6
  D:0090H         PUBLIC        P1
  B:00C0H.0       PUBLIC        K7
  D:00A0H         PUBLIC        P2
  D:00B0H         PUBLIC        P3
  D:00C0H         PUBLIC        P4
  D:00C8H         PUBLIC        P5
  D:00A8H         PUBLIC        IE
  D:00B8H         PUBLIC        IP
  D:0098H         PUBLIC        SCON
  D:0088H         PUBLIC        TCON
  C:1461H         PUBLIC        getkeypree
  C:0003H         SYMBOL        _?ix1000
  C:0007H         SYMBOL        _?ix1001
  D:00E0H         PUBLIC        ACC
  C:2051H         PUBLIC        getkeyval
  D:00C8H         PUBLIC        T2CON
  B:0090H.5       PUBLIC        K0
  D:00D0H         PUBLIC        PSW
  B:0090H.6       PUBLIC        K1
  B:0090H.7       PUBLIC        K2
  B:00C8H.4       PUBLIC        K3
  -------         PROC          GETKEYVAL
  -------         DO            
  D:0007H         SYMBOL        keyval
  D:0006H         SYMBOL        value
  -------         ENDDO         
BL51 BANKED LINKER/LOCATER V6.22                                                      05/26/2017  20:48:16  PAGE 29


  C:2051H         LINE#         3
  C:2051H         LINE#         4
  C:2051H         LINE#         5
  C:2052H         LINE#         6
  C:2052H         LINE#         7
  C:2055H         LINE#         8
  C:205BH         LINE#         9
  C:205CH         LINE#         10
  C:205DH         LINE#         12
  C:2060H         LINE#         13
  C:2065H         LINE#         14
  C:2067H         LINE#         15
  C:2068H         LINE#         17
  C:206BH         LINE#         18
  C:206FH         LINE#         19
  C:2071H         LINE#         20
  C:2072H         LINE#         22
  C:2075H         LINE#         23
  C:2078H         LINE#         24
  C:207AH         LINE#         25
  C:207BH         LINE#         27
  C:207EH         LINE#         28
  C:2083H         LINE#         29
  C:2085H         LINE#         30
  C:2086H         LINE#         32
  C:2089H         LINE#         33
  C:208DH         LINE#         34
  C:208FH         LINE#         35
  C:2090H         LINE#         37
  C:2093H         LINE#         38
  C:2095H         LINE#         39
  C:2097H         LINE#         40
  C:2098H         LINE#         42
  C:209BH         LINE#         43
  C:209BH         LINE#         44
  C:209DH         LINE#         45
  C:209DH         LINE#         47
  C:209DH         LINE#         48
  -------         ENDPROC       GETKEYVAL
  -------         PROC          GETKEYPREE
  -------         DO            
  X:044DH         SYMBOL        keypree
  D:0005H         SYMBOL        cowval
  X:044EH         SYMBOL        rowval
  X:044FH         SYMBOL        cow
  X:0450H         SYMBOL        row
  X:0451H         SYMBOL        scanrule1
  X:0455H         SYMBOL        scanrule2
  -------         ENDDO         
  C:1461H         LINE#         49
  C:1461H         LINE#         50
  C:1461H         LINE#         51
  C:1467H         LINE#         52
  C:1469H         LINE#         53
  C:146BH         LINE#         54
  C:146DH         LINE#         55
  C:146FH         LINE#         56
BL51 BANKED LINKER/LOCATER V6.22                                                      05/26/2017  20:48:16  PAGE 30


  C:1480H         LINE#         58
  C:1493H         LINE#         61
  C:149BH         LINE#         62
  C:14A3H         LINE#         64
  C:14A8H         LINE#         65
  C:14AFH         LINE#         66
  C:14B7H         LINE#         67
  C:14BFH         LINE#         69
  C:14C7H         LINE#         70
  C:14CBH         LINE#         71
  C:14CBH         LINE#         72
  C:14D8H         LINE#         73
  C:14D8H         LINE#         74
  C:14E6H         LINE#         75
  C:14EEH         LINE#         76
  C:14FDH         LINE#         77
  C:14FDH         LINE#         78
  C:1510H         LINE#         79
  C:1518H         LINE#         80
  C:152BH         LINE#         81
  C:152CH         LINE#         82
  C:152CH         LINE#         83
  C:152EH         LINE#         84
  -------         ENDPROC       GETKEYPREE
  -------         ENDMOD        KEYCTRL

  -------         MODULE        KEYHANDLER
  C:0000H         SYMBOL        _ICE_DUMMY_
  D:0080H         PUBLIC        P0
  D:0090H         PUBLIC        P1
  D:00A0H         PUBLIC        P2
  D:00B0H         PUBLIC        P3
  D:00C0H         PUBLIC        P4
  D:00C8H         PUBLIC        P5
  C:271EH         PUBLIC        getkey
  D:00A8H         PUBLIC        IE
  D:00B8H         PUBLIC        IP
  C:216EH         PUBLIC        keyhandler
  X:054FH         PUBLIC        _keyvalbuf
  D:0098H         PUBLIC        SCON
  D:0088H         PUBLIC        TCON
  C:2788H         PUBLIC        keynumberhandler
  D:00E0H         PUBLIC        ACC
  C:261FH         PUBLIC        _getnumber
  D:00C8H         PUBLIC        T2CON
  X:0550H         PUBLIC        _keyval
  D:00D0H         PUBLIC        PSW
  -------         PROC          KEYHANDLER
  -------         DO            
  X:044CH         SYMBOL        keyval
  -------         ENDDO         
  C:216EH         LINE#         4
  C:216EH         LINE#         5
  C:216EH         LINE#         6
  C:2173H         LINE#         7
  C:217BH         LINE#         8
  C:218AH         LINE#         9
BL51 BANKED LINKER/LOCATER V6.22                                                      05/26/2017  20:48:16  PAGE 31


  C:218AH         LINE#         10
  C:218FH         LINE#         11
  C:218FH         LINE#         12
  C:2197H         LINE#         13
  C:2197H         LINE#         14
  C:219DH         LINE#         16
  C:219DH         LINE#         17
  C:21A5H         LINE#         18
  C:21A5H         LINE#         20
  C:21AAH         LINE#         21
  C:21AAH         LINE#         22
  C:21B0H         LINE#         23
  -------         ENDPROC       KEYHANDLER
  -------         PROC          GETKEY
  B:0021H.0       SYMBOL        _swallow
  -------         DO            
  D:0007H         SYMBOL        keyval
  -------         ENDDO         
  C:271EH         LINE#         24
  C:271EH         LINE#         25
  C:271EH         LINE#         26
  C:2723H         LINE#         28
  C:2729H         LINE#         29
  C:2729H         LINE#         30
  -------         ENDPROC       GETKEY
  -------         PROC          _GETNUMBER
  D:0007H         SYMBOL        _code
  -------         DO            
  C:2678H         SYMBOL        keycode
  -------         ENDDO         
  C:261FH         LINE#         31
  C:261FH         LINE#         32
  C:261FH         LINE#         34
  C:2631H         LINE#         35
  -------         ENDPROC       _GETNUMBER
  -------         PROC          KEYNUMBERHANDLER
  C:2788H         LINE#         36
  C:2788H         LINE#         37
  C:2788H         LINE#         39
  -------         ENDPROC       KEYNUMBERHANDLER
  -------         ENDMOD        KEYHANDLER

  -------         MODULE        IDDATABASE
  C:0000H         SYMBOL        _ICE_DUMMY_
  D:0080H         PUBLIC        P0
  D:0090H         PUBLIC        P1
  D:00A0H         PUBLIC        P2
  C:25DEH         PUBLIC        getfreeindex
  D:00B0H         PUBLIC        P3
  D:00C0H         PUBLIC        P4
  D:00C8H         PUBLIC        P5
  D:00A8H         PUBLIC        IE
  C:2711H         PUBLIC        _setfreeindex
  X:0000H         PUBLIC        iddb
  D:00B8H         PUBLIC        IP
  C:26F6H         PUBLIC        _setbusyindex
  D:0098H         PUBLIC        SCON
BL51 BANKED LINKER/LOCATER V6.22                                                      05/26/2017  20:48:16  PAGE 32


  D:0088H         PUBLIC        TCON
  C:2771H         PUBLIC        _delectidbyindex
  C:26B9H         PUBLIC        _delectid
  D:00E0H         PUBLIC        ACC
  C:1CAEH         PUBLIC        _selectid
  X:03E8H         PUBLIC        dbindex
  C:1F0BH         PUBLIC        _insertid
  D:00C8H         PUBLIC        T2CON
  D:00D0H         PUBLIC        PSW
  C:2735H         PUBLIC        dbinit
  -------         PROC          DBINIT
  -------         DO            
  D:0007H         SYMBOL        i
  -------         ENDDO         
  C:2735H         LINE#         7
  C:2735H         LINE#         8
  C:2735H         LINE#         10
  C:2735H         LINE#         11
  C:2735H         LINE#         12
  C:273FH         LINE#         13
  C:273FH         LINE#         14
  -------         ENDPROC       DBINIT
  -------         PROC          GETFREEINDEX
  -------         DO            
  D:0007H         SYMBOL        i
  -------         ENDDO         
  C:25DEH         LINE#         15
  C:25DEH         LINE#         16
  C:25DEH         LINE#         18
  C:25E0H         LINE#         19
  C:25E0H         LINE#         20
  C:25EEH         LINE#         21
  C:25F3H         LINE#         22
  C:25F5H         LINE#         23
  -------         ENDPROC       GETFREEINDEX
  -------         PROC          _SETFREEINDEX
  D:0007H         SYMBOL        index
  C:2711H         LINE#         24
  C:2711H         LINE#         25
  C:2711H         LINE#         26
  C:271DH         LINE#         27
  -------         ENDPROC       _SETFREEINDEX
  -------         PROC          _SETBUSYINDEX
  D:0007H         SYMBOL        index
  C:26F6H         LINE#         28
  C:26F6H         LINE#         29
  C:26F6H         LINE#         30
  C:2703H         LINE#         31
  -------         ENDPROC       _SETBUSYINDEX
  -------         PROC          _INSERTID
  X:047BH         SYMBOL        id
  -------         DO            
  D:0006H         SYMBOL        index
  D:0005H         SYMBOL        freedindex
  -------         ENDDO         
  C:1F0BH         LINE#         32
  C:1F16H         LINE#         33
BL51 BANKED LINKER/LOCATER V6.22                                                      05/26/2017  20:48:16  PAGE 33


  C:1F16H         LINE#         34
  C:1F18H         LINE#         35
  C:1F1DH         LINE#         37
  C:1F24H         LINE#         38
  C:1F26H         LINE#         39
  C:1F26H         LINE#         40
  C:1F55H         LINE#         41
  C:1F5AH         LINE#         42
  C:1F5FH         LINE#         43
  C:1F5FH         LINE#         44
  -------         ENDPROC       _INSERTID
  -------         PROC          _SELECTID
  X:047BH         SYMBOL        id
  -------         DO            
  X:047EH         SYMBOL        su
  D:0007H         SYMBOL        idindex
  D:0006H         SYMBOL        valindex
  -------         ENDDO         
  C:1CAEH         LINE#         46
  C:1CB9H         LINE#         47
  C:1CB9H         LINE#         48
  C:1CBCH         LINE#         49
  C:1CBDH         LINE#         50
  C:1CBEH         LINE#         51
  C:1CBEH         LINE#         52
  C:1CBEH         LINE#         53
  C:1CCBH         LINE#         54
  C:1CD0H         LINE#         55
  C:1CD1H         LINE#         56
  C:1CD1H         LINE#         57
  C:1D02H         LINE#         58
  C:1D02H         LINE#         59
  C:1D08H         LINE#         60
  C:1D0AH         LINE#         61
  C:1D0AH         LINE#         62
  C:1D0FH         LINE#         64
  C:1D16H         LINE#         65
  C:1D1BH         LINE#         67
  C:1D1DH         LINE#         68
  -------         ENDPROC       _SELECTID
  -------         PROC          _DELECTID
  D:0001H         SYMBOL        id
  -------         DO            
  D:0007H         SYMBOL        index
  -------         ENDDO         
  C:26B9H         LINE#         69
  C:26B9H         LINE#         70
  C:26B9H         LINE#         71
  C:26BCH         LINE#         72
  C:26C3H         LINE#         73
  C:26C6H         LINE#         74
  C:26C8H         LINE#         75
  -------         ENDPROC       _DELECTID
  -------         PROC          _DELECTIDBYINDEX
  D:0007H         SYMBOL        index
  C:2771H         LINE#         76
  C:2771H         LINE#         77
BL51 BANKED LINKER/LOCATER V6.22                                                      05/26/2017  20:48:16  PAGE 34


  C:2771H         LINE#         78
  C:2774H         LINE#         79
  C:2776H         LINE#         80
  -------         ENDPROC       _DELECTIDBYINDEX
  -------         ENDMOD        IDDATABASE

  -------         MODULE        SETING
  C:0000H         SYMBOL        _ICE_DUMMY_
  C:1DFBH         PUBLIC        inputbox
  D:0080H         PUBLIC        P0
  D:0090H         PUBLIC        P1
  D:00A0H         PUBLIC        P2
  D:00B0H         PUBLIC        P3
  D:00C0H         PUBLIC        P4
  D:00C8H         PUBLIC        P5
  C:234FH         PUBLIC        setcurrenttime
  D:00A8H         PUBLIC        IE
  D:00B8H         PUBLIC        IP
  C:0DA4H         PUBLIC        _setclosetime
  C:1A57H         PUBLIC        setbeeanle
  C:0BCEH         PUBLIC        setlvoff_on
  D:0098H         PUBLIC        SCON
  C:2785H         PUBLIC        _setopentime
  D:0088H         PUBLIC        TCON
  D:00E0H         PUBLIC        ACC
  X:0539H         PUBLIC        _currtime
  D:00C8H         PUBLIC        T2CON
  X:053EH         PUBLIC        inputval
  D:00D0H         PUBLIC        PSW
  -------         PROC          _SETCLOSETIME
  X:046AH         SYMBOL        closetime
  -------         DO            
  X:046DH         SYMBOL        str
  X:048BH         SYMBOL        key
  X:048CH         SYMBOL        val
  -------         ENDDO         
  C:0DA4H         LINE#         4
  C:0DAFH         LINE#         5
  C:0DAFH         LINE#         8
  C:0DB9H         LINE#         9
  C:0DBDH         LINE#         10
  C:0DC3H         LINE#         11
  C:0DC3H         LINE#         12
  C:0DCAH         LINE#         13
  C:0DCAH         LINE#         15
  C:0DD0H         LINE#         16
  C:0DD6H         LINE#         17
  C:0DD6H         LINE#         18
  C:0DD6H         LINE#         19
  C:0DDEH         LINE#         20
  C:0DDEH         LINE#         21
  C:0DE1H         LINE#         22
  C:0DE9H         LINE#         23
  C:0E09H         LINE#         24
  C:0E14H         LINE#         25
  C:0E1BH         LINE#         27
  C:0E21H         LINE#         28
[...]
  C:0BDBH         LINE#         140
  C:0BE5H         LINE#         141
  C:0BEEH         LINE#         142
  C:0BEEH         LINE#         143
  C:0BF1H         LINE#         144
  C:0BF4H         LINE#         145
  C:0BFAH         LINE#         146
  C:0BFCH         LINE#         148
  C:0BFCH         LINE#         149
  C:0C31H         LINE#         150
  C:0C3CH         LINE#         151
  C:0C3CH         LINE#         152
  C:0C47H         LINE#         153
  C:0C47H         LINE#         154
  C:0C4AH         LINE#         155
  C:0C52H         LINE#         156
  C:0C90H         LINE#         157
  C:0C9BH         LINE#         158
  C:0CB5H         LINE#         159
  C:0CC2H         LINE#         160
  C:0CC9H         LINE#         161
  C:0CC9H         LINE#         162
  C:0CCFH         LINE#         163
  C:0CD5H         LINE#         164
  C:0CDDH         LINE#         165
  C:0CDDH         LINE#         166
  C:0CDDH         LINE#         167
  C:0CE8H         LINE#         168
  C:0CE8H         LINE#         169
  C:0CF3H         LINE#         170
  C:0CF3H         LINE#         171
  C:0CF8H         LINE#         172
  C:0CFEH         LINE#         173
  C:0D02H         LINE#         175
  C:0D02H         LINE#         176
  C:0D05H         LINE#         177
  C:0D0DH         LINE#         178
  C:0D17H         LINE#         179
  C:0D50H         LINE#         180
  C:0D5BH         LINE#         181
  C:0D75H         LINE#         182
  C:0D86H         LINE#         183
  C:0D8DH         LINE#         184
  C:0D8DH         LINE#         185
  C:0D90H         LINE#         186
  C:0D95H         LINE#         187
  C:0D9BH         LINE#         188
  C:0DA3H         LINE#         189
BL51 BANKED LINKER/LOCATER V6.22                                                      05/26/2017  20:48:16  PAGE 38


  C:0DA3H         LINE#         190
  C:0DA3H         LINE#         191
  -------         ENDPROC       SETLVOFF_ON
  -------         ENDMOD        SETING

  -------         MODULE        LIGTHCONTROLLER
  C:0000H         SYMBOL        _ICE_DUMMY_
  D:0080H         PUBLIC        P0
  D:0090H         PUBLIC        P1
  D:00A0H         PUBLIC        P2
  D:00B0H         PUBLIC        P3
  D:00C0H         PUBLIC        P4
  X:052EH         PUBLIC        lvtooff
  D:00C8H         PUBLIC        P5
  B:0022H.2       PUBLIC        timeout
  D:00A8H         PUBLIC        IE
  D:00B8H         PUBLIC        IP
  C:1D1EH         PUBLIC        _timetoclose
  D:0098H         PUBLIC        SCON
  D:0088H         PUBLIC        TCON
  X:052FH         PUBLIC        lightvalue
  X:0530H         PUBLIC        lightstate
  C:2576H         PUBLIC        _numberctrl
  D:00E0H         PUBLIC        ACC
  X:0534H         PUBLIC        lightopen
  C:152FH         PUBLIC        _lightctrl
  D:00C8H         PUBLIC        T2CON
  C:237AH         PUBLIC        timectrl
  C:1F60H         PUBLIC        _setlight
  B:00C0H.6       PUBLIC        _LIGHT_1
  B:00C0H.5       PUBLIC        _LIGHT_2
  B:00A0H.7       PUBLIC        _LIGHT_3
  C:11C8H         PUBLIC        _timecmp
  D:00D0H         PUBLIC        PSW
  X:0538H         PUBLIC        lvtoopen
  -------         PROC          _SETLIGHT
  D:0007H         SYMBOL        para
  C:1F60H         LINE#         10
  C:1F60H         LINE#         11
  C:1F60H         LINE#         12
  C:1F62H         LINE#         13
  C:1F64H         LINE#         14
  C:1F66H         LINE#         15
  C:1F6BH         LINE#         16
  C:1F6DH         LINE#         17
  C:1F6FH         LINE#         18
  C:1F71H         LINE#         19
  C:1F7DH         LINE#         20
  C:1F7DH         LINE#         21
  C:1F7FH         LINE#         22
  C:1F85H         LINE#         23
  C:1F86H         LINE#         24
  C:1F86H         LINE#         25
  C:1F94H         LINE#         26
  C:1F94H         LINE#         27
  C:1F96H         LINE#         28
  C:1F9CH         LINE#         29
BL51 BANKED LINKER/LOCATER V6.22                                                      05/26/2017  20:48:16  PAGE 39


  C:1F9DH         LINE#         30
  C:1F9DH         LINE#         31
  C:1FABH         LINE#         32
  C:1FABH         LINE#         33
  C:1FADH         LINE#         34
  C:1FB3H         LINE#         35
  C:1FB3H         LINE#         36
  C:1FB3H         LINE#         37
  -------         ENDPROC       _SETLIGHT
  -------         PROC          TIMECTRL
  C:237AH         LINE#         38
  C:237AH         LINE#         39
  C:237AH         LINE#         40
  C:239DH         LINE#         42
  -------         ENDPROC       TIMECTRL
  -------         PROC          _LIGHTCTRL
  X:044CH         SYMBOL        para
  D:0005H         SYMBOL        _size
  X:0450H         SYMBOL        number
  -------         DO            
  D:0007H         SYMBOL        index
  X:0451H         SYMBOL        lightpoint
  -------         ENDDO         
  C:152FH         LINE#         44
  C:153AH         LINE#         45
  C:153AH         LINE#         46
  C:153CH         LINE#         47
  C:1540H         LINE#         48
  C:1544H         LINE#         49
  C:154CH         LINE#         50
  C:154CH         LINE#         52
  C:1559H         LINE#         53
  C:1559H         LINE#         54
  C:1559H         LINE#         55
  C:155BH         LINE#         57
  C:157DH         LINE#         58
  C:157DH         LINE#         59
  C:158AH         LINE#         60
  C:159EH         LINE#         61
  C:159EH         LINE#         63
  C:15C0H         LINE#         64
  C:15C0H         LINE#         65
  C:15CCH         LINE#         66
  C:15CCH         LINE#         67
  C:15D0H         LINE#         68
  C:15DDH         LINE#         72
  C:15E7H         LINE#         73
  C:15F0H         LINE#         79
  -------         ENDPROC       _LIGHTCTRL
  C:11ABH         SYMBOL        L?0030
  C:11C0H         SYMBOL        L?0031
  -------         PROC          L?0029
  -------         ENDPROC       L?0029
  C:11ABH         SYMBOL        L?0030
  C:11C0H         SYMBOL        L?0031
  -------         PROC          _TIMECMP
  X:0455H         SYMBOL        time1
BL51 BANKED LINKER/LOCATER V6.22                                                      05/26/2017  20:48:16  PAGE 40


  X:0458H         SYMBOL        time2
  C:11C8H         LINE#         80
  C:11D3H         LINE#         81
  C:11D3H         LINE#         82
  C:11F9H         LINE#         83
  C:11F9H         LINE#         84
  C:11FCH         LINE#         85
  C:11FCH         LINE#         87
  C:1227H         LINE#         89
  C:1227H         LINE#         90
  C:122AH         LINE#         91
  C:122AH         LINE#         92
  C:129DH         LINE#         95
  C:129DH         LINE#         96
  C:12A0H         LINE#         97
  C:12A0H         LINE#         98
  C:12A2H         LINE#         99
  -------         ENDPROC       _TIMECMP
  -------         PROC          _TIMETOCLOSE
  X:044CH         SYMBOL        curr
  X:044FH         SYMBOL        closetime
  X:0452H         SYMBOL        opentime
  C:1D1EH         LINE#         100
  C:1D29H         LINE#         101
  C:1D29H         LINE#         102
  C:1D4CH         LINE#         103
  C:1D4CH         LINE#         104
  C:1D65H         LINE#         106
  C:1D65H         LINE#         107
  C:1D68H         LINE#         109
  C:1D68H         LINE#         110
  C:1D68H         LINE#         111
  C:1D68H         LINE#         112
  C:1D6AH         LINE#         114
  C:1D6AH         LINE#         115
  C:1D83H         LINE#         117
  C:1D83H         LINE#         119
  C:1D85H         LINE#         120
  C:1D8BH         LINE#         122
  C:1D8BH         LINE#         123
  C:1D8DH         LINE#         124
  C:1D8DH         LINE#         125
  -------         ENDPROC       _TIMETOCLOSE
  -------         PROC          _NUMBERCTRL
  D:0007H         SYMBOL        num
  C:2576H         LINE#         127
  C:2576H         LINE#         128
  C:2576H         LINE#         129
  C:2579H         LINE#         130
  C:258EH         LINE#         131
  C:258EH         LINE#         132
  C:2590H         LINE#         133
  C:2590H         LINE#         134
  -------         ENDPROC       _NUMBERCTRL
  -------         ENDMOD        LIGTHCONTROLLER

  -------         MODULE        VIEW
BL51 BANKED LINKER/LOCATER V6.22                                                      05/26/2017  20:48:16  PAGE 41


  C:0000H         SYMBOL        _ICE_DUMMY_
  X:0548H         PUBLIC        _page
  D:0080H         PUBLIC        P0
  D:0090H         PUBLIC        P1
  D:00A0H         PUBLIC        P2
  D:00B0H         PUBLIC        P3
  D:00C0H         PUBLIC        P4
  D:00C8H         PUBLIC        P5
  C:22C7H         PUBLIC        showbeeable
  C:209EH         PUBLIC        _showmsg
  D:00A8H         PUBLIC        IE
  X:0549H         PUBLIC        trybee
  C:23A5H         PUBLIC        beehandler
  B:0022H.3       PUBLIC        enablebee
  D:00B8H         PUBLIC        IP
  C:15F1H         PUBLIC        showlightsta
  D:0098H         PUBLIC        SCON
  D:0088H         PUBLIC        TCON
  C:1BC8H         PUBLIC        _showtimeval
  D:00E0H         PUBLIC        ACC
  C:106CH         PUBLIC        uiupdater
  C:2749H         PUBLIC        _beebee
  X:054AH         PUBLIC        lvsecond
  X:054BH         PUBLIC        msginval
  D:00C8H         PUBLIC        T2CON
  C:24BCH         PUBLIC        msgviewhandler
  C:1D8EH         PUBLIC        trunpage
  B:00A0H.6       PUBLIC        _BEEBEE
  D:00D0H         PUBLIC        PSW
  -------         PROC          _SHOWTIMEVAL
  X:046AH         SYMBOL        time
  X:046DH         SYMBOL        name
  -------         DO            
  X:0470H         SYMBOL        str
  -------         ENDDO         
  C:1BC8H         LINE#         9
  C:1BD3H         LINE#         10
  C:1BD3H         LINE#         12
  C:1C22H         LINE#         13
  C:1C32H         LINE#         14
  -------         ENDPROC       _SHOWTIMEVAL
  -------         PROC          TRUNPAGE
  -------         DO            
  X:046AH         SYMBOL        key
  -------         ENDDO         
  C:1D8EH         LINE#         16
  C:1D8EH         LINE#         17
  C:1D8EH         LINE#         18
  C:1D94H         LINE#         19
  C:1D9AH         LINE#         20
  C:1D9AH         LINE#         21
  C:1DA2H         LINE#         22
  C:1DA2H         LINE#         24
  C:1DA8H         LINE#         25
  C:1DB0H         LINE#         27
  C:1DB0H         LINE#         28
  C:1DB2H         LINE#         29
BL51 BANKED LINKER/LOCATER V6.22                                                      05/26/2017  20:48:16  PAGE 42


  C:1DBAH         LINE#         30
  C:1DBAH         LINE#         32
  C:1DC0H         LINE#         33
  C:1DC9H         LINE#         35
  C:1DCCH         LINE#         36
  C:1DCCH         LINE#         37
  C:1DD6H         LINE#         38
  C:1DD6H         LINE#         39
  C:1DD9H         LINE#         40
  C:1DE6H         LINE#         41
  C:1DFAH         LINE#         42
  C:1DFAH         LINE#         43
  C:1DFAH         LINE#         44
  -------         ENDPROC       TRUNPAGE
  -------         PROC          UIUPDATER
  -------         DO            
  X:044CH         SYMBOL        sendstr
  -------         ENDDO         
  C:106CH         LINE#         45
  C:106CH         LINE#         46
  C:106CH         LINE#         48
  C:1075H         LINE#         49
  C:1078H         LINE#         50
  C:107EH         LINE#         51
  C:107EH         LINE#         52
  C:1085H         LINE#         53
  C:1087H         LINE#         54
  C:108FH         LINE#         55
  C:108FH         LINE#         56
  C:1099H         LINE#         58
  C:10E4H         LINE#         59
  C:10EFH         LINE#         60
  C:10F2H         LINE#         61
  C:10F9H         LINE#         62
  C:10F9H         LINE#         63
  C:1116H         LINE#         64
  C:1119H         LINE#         65
  C:111CH         LINE#         66
  C:1123H         LINE#         67
  C:1123H         LINE#         68
  C:112CH         LINE#         69
  C:1146H         LINE#         70
  C:1148H         LINE#         71
  C:114FH         LINE#         72
  C:114FH         LINE#         73
  C:1158H         LINE#         74
  C:1175H         LINE#         75
  C:1177H         LINE#         76
  C:117EH         LINE#         77
  C:117EH         LINE#         78
  C:1187H         LINE#         79
  C:118AH         LINE#         80
  C:118CH         LINE#         81
  C:1193H         LINE#         82
  C:1193H         LINE#         83
  C:1196H         LINE#         84
  C:1198H         LINE#         85
BL51 BANKED LINKER/LOCATER V6.22                                                      05/26/2017  20:48:16  PAGE 43


  C:119FH         LINE#         86
  C:119FH         LINE#         88
  C:11A2H         LINE#         89
  C:11A2H         LINE#         91
  C:11A7H         LINE#         92
  -------         ENDPROC       UIUPDATER
  -------         PROC          _BEEBEE
  D:0007H         SYMBOL        inval
  C:2749H         LINE#         94
  C:2749H         LINE#         95
  C:2749H         LINE#         96
  C:274EH         LINE#         97
  -------         ENDPROC       _BEEBEE
  -------         PROC          BEEHANDLER
  C:23A5H         LINE#         99
  C:23A5H         LINE#         100
  C:23A5H         LINE#         101
  C:23B1H         LINE#         102
  C:23B1H         LINE#         103
  C:23C4H         LINE#         104
  C:23C6H         LINE#         105
  C:23CCH         LINE#         106
  C:23CDH         LINE#         108
  C:23CDH         LINE#         109
  C:23CFH         LINE#         110
  C:23CFH         LINE#         111
  -------         ENDPROC       BEEHANDLER
  -------         PROC          SHOWBEEABLE
  -------         DO            
  X:046AH         SYMBOL        str
  -------         ENDDO         
  C:22C7H         LINE#         112
  C:22C7H         LINE#         113
  C:22C7H         LINE#         115
  C:22CFH         LINE#         116
  C:22CFH         LINE#         117
  C:22D7H         LINE#         118
  C:22D9H         LINE#         120
  C:22D9H         LINE#         121
  C:22EBH         LINE#         122
  C:22EBH         LINE#         123
  -------         ENDPROC       SHOWBEEABLE
  -------         PROC          SHOWLIGHTSTA
  -------         DO            
  X:046AH         SYMBOL        str
  X:0488H         SYMBOL        index
  -------         ENDDO         
  C:15F1H         LINE#         125
  C:15F1H         LINE#         126
  C:15F1H         LINE#         128
  C:15F6H         LINE#         129
  C:160DH         LINE#         130
  C:1618H         LINE#         131
  C:1629H         LINE#         132
  C:1629H         LINE#         133
  C:163EH         LINE#         134
  C:163EH         LINE#         135
BL51 BANKED LINKER/LOCATER V6.22                                                      05/26/2017  20:48:16  PAGE 44


  C:1661H         LINE#         136
  C:1661H         LINE#         137
  C:1663H         LINE#         139
  C:1663H         LINE#         140
  C:1691H         LINE#         141
  C:169CH         LINE#         142
  C:169CH         LINE#         143
  C:16A5H         LINE#         144
  -------         ENDPROC       SHOWLIGHTSTA
  -------         PROC          _SHOWMSG
  X:047BH         SYMBOL        str
  D:0005H         SYMBOL        inval
  -------         DO            
  X:047EH         SYMBOL        msg
  -------         ENDDO         
  C:209EH         LINE#         145
  C:20A9H         LINE#         146
  C:20A9H         LINE#         148
  C:20AEH         LINE#         149
  C:20DAH         LINE#         150
  -------         ENDPROC       _SHOWMSG
  -------         PROC          MSGVIEWHANDLER
  C:24BCH         LINE#         152
  C:24BCH         LINE#         153
  C:24BCH         LINE#         154
  C:24C8H         LINE#         155
  C:24C8H         LINE#         156
  C:24CBH         LINE#         158
  C:24CEH         LINE#         159
  C:24CEH         LINE#         160
  C:24D1H         LINE#         161
  C:24D1H         LINE#         162
  C:24D4H         LINE#         163
  C:24DAH         LINE#         164
  C:24DAH         LINE#         165
  C:24DCH         LINE#         166
  -------         ENDPROC       MSGVIEWHANDLER
  -------         ENDMOD        VIEW

  -------         MODULE        ?C?COPY
  C:094BH         PUBLIC        ?C?COPY
  -------         ENDMOD        ?C?COPY

  -------         MODULE        ?C?SCDIV
  C:0971H         PUBLIC        ?C?SCDIV
  -------         ENDMOD        ?C?SCDIV

  -------         MODULE        ?C?CLDPTR
  C:0993H         PUBLIC        ?C?CLDPTR
  -------         ENDMOD        ?C?CLDPTR

  -------         MODULE        ?C?CLDOPTR
  C:09ACH         PUBLIC        ?C?CLDOPTR
  -------         ENDMOD        ?C?CLDOPTR

  -------         MODULE        ?C?CSTPTR
  C:09D9H         PUBLIC        ?C?CSTPTR
BL51 BANKED LINKER/LOCATER V6.22                                                      05/26/2017  20:48:16  PAGE 45


  -------         ENDMOD        ?C?CSTPTR

  -------         MODULE        ?C?CSTOPTR
  C:09EBH         PUBLIC        ?C?CSTOPTR
  -------         ENDMOD        ?C?CSTOPTR

  -------         MODULE        ?C?SIDIV
  C:0A0DH         PUBLIC        ?C?SIDIV
  -------         ENDMOD        ?C?SIDIV

  -------         MODULE        ?C?ILDIX
  C:0A43H         PUBLIC        ?C?ILDIX
  -------         ENDMOD        ?C?ILDIX

  -------         MODULE        ?C?SLDIV
  C:212AH         PUBLIC        ?C?SLDIV
  -------         ENDMOD        ?C?SLDIV

  -------         MODULE        ?C?LSTXDATA
  C:0A59H         PUBLIC        ?C?LSTXDATA
  -------         ENDMOD        ?C?LSTXDATA

  -------         MODULE        PRINTF
  X:049CH         PUBLIC        ?_PRINTF517?BYTE
  X:049CH         PUBLIC        ?_PRINTF?BYTE
  X:049CH         PUBLIC        ?_SPRINTF517?BYTE
  X:049CH         PUBLIC        ?_SPRINTF?BYTE
  C:0581H         PUBLIC        _PRINTF
  C:0581H         PUBLIC        _PRINTF517
  C:057BH         PUBLIC        _SPRINTF
  C:057BH         PUBLIC        _SPRINTF517
  -------         ENDMOD        PRINTF

  -------         MODULE        ?C?UIDIV
  C:0A65H         PUBLIC        ?C?UIDIV
  -------         ENDMOD        ?C?UIDIV

  -------         MODULE        ?C?ULDIV
  C:0AF6H         PUBLIC        ?C?ULDIV
  -------         ENDMOD        ?C?ULDIV

  -------         MODULE        ?C?PLDIXDATA
  C:0B88H         PUBLIC        ?C?PLDIXDATA
  -------         ENDMOD        ?C?PLDIXDATA

  -------         MODULE        ?C?PSTXDATA
  C:0B9FH         PUBLIC        ?C?PSTXDATA
  -------         ENDMOD        ?C?PSTXDATA

  -------         MODULE        ?C?CCASE
  C:0BA8H         PUBLIC        ?C?CCASE
  -------         ENDMOD        ?C?CCASE

  -------         MODULE        PUTCHAR
  C:244BH         PUBLIC        _PUTCHAR
  -------         ENDMOD        PUTCHAR

BL51 BANKED LINKER/LOCATER V6.22                                                      05/26/2017  20:48:16  PAGE 46


*** WARNING L16: UNCALLED SEGMENT, IGNORED FOR OVERLAY PROCESS
    SEGMENT: ?PR?_NRFSETTXMODE?NRF24L01

*** WARNING L16: UNCALLED SEGMENT, IGNORED FOR OVERLAY PROCESS
    SEGMENT: ?PR?CHECKACK?NRF24L01

*** WARNING L16: UNCALLED SEGMENT, IGNORED FOR OVERLAY PROCESS
    SEGMENT: ?PR?_DATETOSTR?DS1302

*** WARNING L16: UNCALLED SEGMENT, IGNORED FOR OVERLAY PROCESS
    SEGMENT: ?PR?KEYNUMBERHANDLER?KEYHANDLER

*** WARNING L16: UNCALLED SEGMENT, IGNORED FOR OVERLAY PROCESS
    SEGMENT: ?PR?_DELECTID?IDDATABASE

*** WARNING L16: UNCALLED SEGMENT, IGNORED FOR OVERLAY PROCESS
    SEGMENT: ?PR?_SETOPENTIME?SETING

*** WARNING L16: UNCALLED SEGMENT, IGNORED FOR OVERLAY PROCESS
    SEGMENT: ?PR?_NUMBERCTRL?LIGTHCONTROLLER

Program Size: data=32.4 xdata=1361 code=10121
LINK/LOCATE RUN COMPLETE.  7 WARNING(S),  0 ERROR(S)
