C51 COMPILER V9.54   SCHDULER                                                              04/26/2017 14:51:07 PAGE 1   


C51 COMPILER V9.54, COMPILATION OF MODULE SCHDULER
OBJECT MODULE PLACED IN schduler.obj
COMPILER INVOKED BY: J:\program\keil\C51\BIN\C51.EXE class\schduler.c LARGE OPTIMIZE(8,SPEED) BROWSE DEBUG OBJECTEXTEND 
                    -PRINT(.\schduler.lst) TABS(2) OBJECT(schduler.obj)

line level    source

   1          #include"schduler.h"
   2          
   3          void update()
   4          {
   5   1        char i=0;
   6   1        NRFSetRXMode();//设置为接收模式
   7   1        GetDate();//开始接收数据  
   8   1        parafilter(RevTempDate0,RX_DATA_WITDH);
   9   1      }
  10          
  11          void sch1s()
  12          {
  13   1        uiupdater();
  14   1        getcutrrenttime();
  15   1        lightctrl(paralist,3);
  16   1        timectrl();//根据时间关灯
  17   1        
  18   1      } 
  19          void sch01s()
  20          { 
  21   1        cashcard(getuartbuf());
  22   1        keyhandler();
  23   1      }
  24          void sch03s()
  25          {
  26   1        beehandler();
  27   1      }


MODULE INFORMATION:   STATIC OVERLAYABLE
   CODE SIZE        =     54    ----
   CONSTANT SIZE    =   ----    ----
   XDATA SIZE       =   ----       1
   PDATA SIZE       =   ----    ----
   DATA SIZE        =   ----    ----
   IDATA SIZE       =   ----    ----
   BIT SIZE         =   ----    ----
END OF MODULE INFORMATION.


C51 COMPILATION COMPLETE.  0 WARNING(S),  0 ERROR(S)
