C51 COMPILER V9.54   SETING                                                                06/01/2017 14:26:32 PAGE 1   


C51 COMPILER V9.54, COMPILATION OF MODULE SETING
OBJECT MODULE PLACED IN seting.obj
COMPILER INVOKED BY: J:\program\keil\C51\BIN\C51.EXE class\seting.c LARGE OPTIMIZE(8,SPEED) BROWSE DEBUG OBJECTEXTEND PR
                    -INT(.\seting.lst) TABS(2) OBJECT(seting.obj)

line level    source

   1          #include"seting.h"
   2          char inputval = 0;
   3          DATE _currtime;
   4          char setclosetime(DATE* closetime)
   5          {
*** WARNING C235 IN LINE 5 OF class\seting.c: parameter 1: different types
   6   1        char str[30];
   7   1        //获取输入的键值
   8   1        char key = getkey(0);
   9   1        char val = -1;  
  10   1        if(lvsecond==0)
  11   1        {
  12   2          if (key==3)  
  13   2          {
  14   3            //beebee(1);
  15   3            lvsecond=1;
  16   3            key=-1;
  17   3          };
  18   2        }
  19   1        if(lvsecond == 1 )
  20   1        {
  21   2          LCDcls();   
  22   2          val = inputbox(24);
  23   2          sprintf(str,"inputhour:=%d",(int)val);
  24   2          LCDprintf(str,0);
  25   2          if(key==3) {
  26   3            clearinputval();
  27   3            lvsecond=2;
  28   3            closetime->hour = val;
  29   3            key=-1;
  30   3          };  
  31   2        } 
  32   1        if(lvsecond== 2 )
  33   1        {
  34   2          LCDcls();   
  35   2          val = inputbox(60);
  36   2          sprintf(str,"inputmin:=%d",(int)val);
  37   2          LCDprintf(str,0);
  38   2          if(key==3) {
  39   3            clearinputval();
  40   3            lvsecond=3;
  41   3            closetime->min = val;
  42   3            key=-1;
  43   3          };  
  44   2        } 
  45   1        if(lvsecond== 3 )
  46   1        {
  47   2          LCDcls();   
  48   2          val = inputbox(60);
  49   2          sprintf(str,"inputsec:=%d",(int)val);
  50   2          LCDprintf(str,0);
  51   2          if(key==3) {
  52   3          clearinputval();
  53   3          lvsecond=0;
C51 COMPILER V9.54   SETING                                                                06/01/2017 14:26:32 PAGE 2   

  54   3          closetime->sec = val;
  55   3          key=-1;
  56   3          LCDcls(); 
  57   3          LCDprintf("----------Waiting",0);
  58   3          return 0;
  59   3          };  
  60   2        } 
  61   1        return -1;
  62   1      }   
  63          void setcurrenttime()
  64          { 
  65   1        if(setclosetime(&_currtime)==0)
  66   1        {
  67   2          DS1302_SetTime(DS1302_HOUR,_currtime.hour); 
  68   2          DS1302_SetTime(DS1302_MINUTE,_currtime.min);
  69   2          DS1302_SetTime(DS1302_SECOND,_currtime.sec);
  70   2        }   
  71   1      }
  72          void setopentime(DATE* opentime)
  73          {
*** WARNING C235 IN LINE 73 OF class\seting.c: parameter 1: different types
  74   1        setclosetime(opentime);
  75   1      }
  76          char inputbox(char _limit)
  77          {
  78   1        char key = getkey(0); 
  79   1        if(key!=-1&&getnumber(key)!=-1)
  80   1        {
  81   2          inputval = (inputval*10 + getnumber(key));
  82   2          if(inputval >= _limit) inputval = _limit - 1;
  83   2        } 
  84   1      //  //确定
  85   1      //  if(key==3)return inputval;
  86   1        if(key==14)
  87   1        {
  88   2          //退格
  89   2          inputval = (inputval-inputval%10) / 10; 
  90   2        }   
  91   1        return inputval;
  92   1      }
  93          void clearinputval()
  94          {
  95   1        inputval = 0;
  96   1      }
  97          void setbeeanle()
  98          {
  99   1          char str[30];
 100   1        //获取输入的键值
 101   1          char key = getkey(0);
 102   1          if (key == 3 && lvsecond == 0)   
 103   1          {
 104   2            lvsecond = 4;
 105   2            LCDcls(); 
 106   2            key = -1;
 107   2          }
 108   1          if(lvsecond == 4)
 109   1          {
 110   2              if(key==15)
 111   2              {
 112   3              //上翻页
 113   3                enablebee = ~enablebee;
 114   3              }
C51 COMPILER V9.54   SETING                                                                06/01/2017 14:26:32 PAGE 3   

 115   2              if(key==11)
 116   2              {
 117   3              //下翻页
 118   3                enablebee = ~enablebee;
 119   3              }
 120   2              if(enablebee)
 121   2              {
 122   3                sprintf(str,"SET--BEE----ON----");
 123   3                LCDprintf(str,0);
 124   3              }
 125   2              else
 126   2              {
 127   3                sprintf(str,"SET--BEE----OFF---");
 128   3                LCDprintf(str,0);
 129   3              }
 130   2              if (key == 3)
 131   2              {
 132   3                lvsecond=0;
 133   3                key = -1;
 134   3                beebee(3);
 135   3              }
 136   2          }
 137   1      }
 138          void setlvoff_on()
 139          {
 140   1          char str[30];
 141   1          char val = -1;
 142   1          char setp1 = 0;
 143   1          char setp2 = 10;
 144   1        //获取输入的键值
 145   1          char key = getkey(0);
 146   1          if (key == 3 && lvsecond == 0)   
 147   1          {
 148   2            lvsecond = 5;
 149   2            LCDcls(); 
 150   2            key = -1;
 151   2          }
 152   1          else
 153   1          {
 154   2            sprintf(str,"LVCLOSE:%d-LVOPEN:%d",(int)lvtooff,(int)lvtoopen);
 155   2            LCDprintf(str,0);
 156   2          }
 157   1          if(lvsecond == 5 )
 158   1          {
 159   2            LCDcls();
 160   2            val = inputbox(10);
 161   2            sprintf(str,"LV-CLOSE--%d-TO-%d---:=%d",(int)setp1,(int)setp2,(int)val);
 162   2            LCDprintf(str,0);
 163   2      //      if(val > 10)val = val%10;
 164   2      //      if(val < 0)val = 0;
 165   2            if(key==3)
 166   2            {
 167   3              clearinputval();
 168   3              lvsecond = 6;
 169   3              key=-1;
 170   3              lvtooff = val;
 171   3            }
 172   2          }
 173   1          if(lvsecond == 6 )
 174   1          {
 175   2            if(lvtooff >= 10)
 176   2            {
C51 COMPILER V9.54   SETING                                                                06/01/2017 14:26:32 PAGE 4   

 177   3              lvsecond = 0;
 178   3              key=-1;
 179   3              lvtoopen = 0;
 180   3              return;
 181   3            }
 182   2            LCDcls();
 183   2            val = inputbox(10);
 184   2            setp1 = lvtooff + 1;
 185   2            sprintf(str,"LV-OPEN--%d-TO-%d---:=%d",(int)setp1,(int)setp2,(int)val);
 186   2            LCDprintf(str,0);
 187   2            if(val > 10)val = val%10;
 188   2            if(val < 0)val = setp1;
 189   2            if(key==3 )
 190   2            {
 191   3              clearinputval();
 192   3              LCDcls();
 193   3              lvsecond = 0;
 194   3              key=-1;
 195   3              lvtoopen = val;
 196   3            }
 197   2          }
 198   1      }


MODULE INFORMATION:   STATIC OVERLAYABLE
   CODE SIZE        =   1136    ----
   CONSTANT SIZE    =    168    ----
   XDATA SIZE       =      6     102
   PDATA SIZE       =   ----    ----
   DATA SIZE        =   ----    ----
   IDATA SIZE       =   ----    ----
   BIT SIZE         =   ----    ----
END OF MODULE INFORMATION.


C51 COMPILATION COMPLETE.  2 WARNING(S),  0 ERROR(S)
